TimeQuest Timing Analyzer report for part5
Thu Oct 03 19:04:59 2019
Quartus II 64-Bit Version 13.0.1 Build 232 06/12/2013 Service Pack 1 SJ Full Version


---------------------
; Table of Contents ;
---------------------
  1. Legal Notice
  2. TimeQuest Timing Analyzer Summary
  3. Parallel Compilation
  4. Clocks
  5. Slow Model Fmax Summary
  6. Slow Model Setup Summary
  7. Slow Model Hold Summary
  8. Slow Model Recovery Summary
  9. Slow Model Removal Summary
 10. Slow Model Minimum Pulse Width Summary
 11. Propagation Delay
 12. Minimum Propagation Delay
 13. Fast Model Setup Summary
 14. Fast Model Hold Summary
 15. Fast Model Recovery Summary
 16. Fast Model Removal Summary
 17. Fast Model Minimum Pulse Width Summary
 18. Propagation Delay
 19. Minimum Propagation Delay
 20. Multicorner Timing Analysis Summary
 21. Progagation Delay
 22. Minimum Progagation Delay
 23. Clock Transfers
 24. Report TCCS
 25. Report RSKM
 26. Unconstrained Paths
 27. TimeQuest Timing Analyzer Messages



----------------
; Legal Notice ;
----------------
Copyright (C) 1991-2013 Altera Corporation
Your use of Altera Corporation's design tools, logic functions 
and other software and tools, and its AMPP partner logic 
functions, and any output files from any of the foregoing 
(including device programming or simulation files), and any 
associated documentation or information are expressly subject 
to the terms and conditions of the Altera Program License 
Subscription Agreement, Altera MegaCore Function License 
Agreement, or other applicable license agreement, including, 
without limitation, that your use is for the sole purpose of 
programming logic devices manufactured by Altera and sold by 
Altera or its authorized distributors.  Please refer to the 
applicable agreement for further details.



+-----------------------------------------------------------------------------------------+
; TimeQuest Timing Analyzer Summary                                                       ;
+--------------------+--------------------------------------------------------------------+
; Quartus II Version ; Version 13.0.1 Build 232 06/12/2013 Service Pack 1 SJ Full Version ;
; Revision Name      ; part5                                                              ;
; Device Family      ; Cyclone II                                                         ;
; Device Name        ; EP2C20F484C7                                                       ;
; Timing Models      ; Final                                                              ;
; Delay Model        ; Combined                                                           ;
; Rise/Fall Delays   ; Unavailable                                                        ;
+--------------------+--------------------------------------------------------------------+


+------------------------------------------+
; Parallel Compilation                     ;
+----------------------------+-------------+
; Processors                 ; Number      ;
+----------------------------+-------------+
; Number detected on machine ; 8           ;
; Maximum allowed            ; 4           ;
;                            ;             ;
; Average used               ; 1.00        ;
; Maximum used               ; 1           ;
;                            ;             ;
; Usage by Processor         ; % Time Used ;
;     Processor 1            ; 100.0%      ;
;     Processors 2-8         ;   0.0%      ;
+----------------------------+-------------+


----------
; Clocks ;
----------
No clocks to report.


---------------------------
; Slow Model Fmax Summary ;
---------------------------
No paths to report.


----------------------------
; Slow Model Setup Summary ;
----------------------------
No paths to report.


---------------------------
; Slow Model Hold Summary ;
---------------------------
No paths to report.


-------------------------------
; Slow Model Recovery Summary ;
-------------------------------
No paths to report.


------------------------------
; Slow Model Removal Summary ;
------------------------------
No paths to report.


------------------------------------------
; Slow Model Minimum Pulse Width Summary ;
------------------------------------------
No paths to report.


+--------------------------------------------------------------+
; Propagation Delay                                            ;
+------------+-------------+--------+--------+--------+--------+
; Input Port ; Output Port ; RR     ; RF     ; FR     ; FF     ;
+------------+-------------+--------+--------+--------+--------+
; SW[0]      ; HEX0[0]     ; 9.750  ; 9.750  ; 9.750  ; 9.750  ;
; SW[0]      ; HEX0[1]     ; 10.252 ; 10.252 ; 10.252 ; 10.252 ;
; SW[0]      ; HEX0[2]     ; 10.491 ; 10.491 ; 10.491 ; 10.491 ;
; SW[0]      ; HEX0[3]     ; 10.601 ; 10.601 ; 10.601 ; 10.601 ;
; SW[0]      ; HEX0[4]     ; 10.589 ; 10.589 ; 10.589 ; 10.589 ;
; SW[0]      ; HEX0[5]     ; 10.584 ; 10.584 ; 10.584 ; 10.584 ;
; SW[0]      ; HEX0[6]     ; 10.587 ; 10.587 ; 10.587 ; 10.587 ;
; SW[0]      ; HEX1[0]     ; 9.763  ; 9.763  ; 9.763  ; 9.763  ;
; SW[0]      ; HEX1[3]     ; 9.745  ; 9.745  ; 9.745  ; 9.745  ;
; SW[0]      ; HEX1[4]     ; 9.755  ; 9.755  ; 9.755  ; 9.755  ;
; SW[0]      ; HEX1[5]     ; 9.781  ; 9.781  ; 9.781  ; 9.781  ;
; SW[0]      ; HEX2[0]     ; 7.681  ; 7.681  ; 7.681  ; 7.681  ;
; SW[0]      ; HEX2[1]     ; 7.465  ; 7.465  ; 7.465  ; 7.465  ;
; SW[0]      ; HEX2[2]     ;        ; 7.505  ; 7.505  ;        ;
; SW[0]      ; HEX2[3]     ; 7.502  ; 7.502  ; 7.502  ; 7.502  ;
; SW[0]      ; HEX2[4]     ; 7.713  ;        ;        ; 7.713  ;
; SW[0]      ; HEX2[5]     ; 7.818  ;        ;        ; 7.818  ;
; SW[0]      ; HEX2[6]     ; 8.075  ;        ;        ; 8.075  ;
; SW[0]      ; LEDG[7]     ; 13.446 ; 13.446 ; 13.446 ; 13.446 ;
; SW[1]      ; HEX0[0]     ; 9.680  ; 9.680  ; 9.680  ; 9.680  ;
; SW[1]      ; HEX0[1]     ; 10.182 ; 10.182 ; 10.182 ; 10.182 ;
; SW[1]      ; HEX0[2]     ; 10.421 ; 10.421 ; 10.421 ; 10.421 ;
; SW[1]      ; HEX0[3]     ; 10.531 ; 10.531 ; 10.531 ; 10.531 ;
; SW[1]      ; HEX0[4]     ; 10.519 ; 10.519 ; 10.519 ; 10.519 ;
; SW[1]      ; HEX0[5]     ; 10.514 ; 10.514 ; 10.514 ; 10.514 ;
; SW[1]      ; HEX0[6]     ; 10.517 ; 10.517 ; 10.517 ; 10.517 ;
; SW[1]      ; HEX1[0]     ; 9.693  ; 9.693  ; 9.693  ; 9.693  ;
; SW[1]      ; HEX1[3]     ; 9.675  ; 9.675  ; 9.675  ; 9.675  ;
; SW[1]      ; HEX1[4]     ; 9.685  ; 9.685  ; 9.685  ; 9.685  ;
; SW[1]      ; HEX1[5]     ; 9.711  ; 9.711  ; 9.711  ; 9.711  ;
; SW[1]      ; HEX2[0]     ;        ; 7.933  ; 7.933  ;        ;
; SW[1]      ; HEX2[1]     ; 7.709  ; 7.709  ; 7.709  ; 7.709  ;
; SW[1]      ; HEX2[2]     ; 7.748  ;        ;        ; 7.748  ;
; SW[1]      ; HEX2[3]     ; 7.717  ; 7.717  ; 7.717  ; 7.717  ;
; SW[1]      ; HEX2[4]     ;        ; 7.948  ; 7.948  ;        ;
; SW[1]      ; HEX2[5]     ; 8.054  ;        ;        ; 8.054  ;
; SW[1]      ; HEX2[6]     ; 8.278  ; 8.278  ; 8.278  ; 8.278  ;
; SW[1]      ; LEDG[7]     ; 13.376 ; 13.376 ; 13.376 ; 13.376 ;
; SW[2]      ; HEX0[0]     ; 9.198  ; 9.281  ; 9.281  ; 9.198  ;
; SW[2]      ; HEX0[1]     ; 10.057 ; 10.057 ; 10.057 ; 10.057 ;
; SW[2]      ; HEX0[2]     ; 10.296 ; 10.296 ; 10.296 ; 10.296 ;
; SW[2]      ; HEX0[3]     ; 10.406 ; 10.406 ; 10.406 ; 10.406 ;
; SW[2]      ; HEX0[4]     ; 10.394 ; 10.394 ; 10.394 ; 10.394 ;
; SW[2]      ; HEX0[5]     ; 10.389 ; 10.389 ; 10.389 ; 10.389 ;
; SW[2]      ; HEX0[6]     ; 10.392 ; 10.392 ; 10.392 ; 10.392 ;
; SW[2]      ; HEX1[0]     ; 9.568  ; 9.568  ; 9.568  ; 9.568  ;
; SW[2]      ; HEX1[3]     ; 9.550  ; 9.550  ; 9.550  ; 9.550  ;
; SW[2]      ; HEX1[4]     ; 9.560  ; 9.560  ; 9.560  ; 9.560  ;
; SW[2]      ; HEX1[5]     ; 9.586  ; 9.586  ; 9.586  ; 9.586  ;
; SW[2]      ; HEX2[0]     ; 7.484  ; 7.484  ; 7.484  ; 7.484  ;
; SW[2]      ; HEX2[1]     ; 7.261  ;        ;        ; 7.261  ;
; SW[2]      ; HEX2[2]     ;        ; 7.300  ; 7.300  ;        ;
; SW[2]      ; HEX2[3]     ; 7.302  ; 7.302  ; 7.302  ; 7.302  ;
; SW[2]      ; HEX2[4]     ; 7.502  ; 7.502  ; 7.502  ; 7.502  ;
; SW[2]      ; HEX2[5]     ;        ; 7.608  ; 7.608  ;        ;
; SW[2]      ; HEX2[6]     ; 7.864  ; 7.864  ; 7.864  ; 7.864  ;
; SW[2]      ; LEDG[7]     ; 13.117 ; 13.117 ; 13.117 ; 13.117 ;
; SW[3]      ; HEX0[0]     ; 8.393  ; 8.869  ; 8.869  ; 8.393  ;
; SW[3]      ; HEX0[1]     ; 9.381  ; 9.381  ; 9.381  ; 9.381  ;
; SW[3]      ; HEX0[2]     ; 9.620  ; 9.620  ; 9.620  ; 9.620  ;
; SW[3]      ; HEX0[3]     ; 9.730  ; 9.730  ; 9.730  ; 9.730  ;
; SW[3]      ; HEX0[4]     ; 9.718  ; 9.718  ; 9.718  ; 9.718  ;
; SW[3]      ; HEX0[5]     ; 9.713  ; 9.713  ; 9.713  ; 9.713  ;
; SW[3]      ; HEX0[6]     ; 9.716  ; 9.716  ; 9.716  ; 9.716  ;
; SW[3]      ; HEX1[0]     ; 8.892  ; 8.805  ; 8.805  ; 8.892  ;
; SW[3]      ; HEX1[3]     ; 8.874  ; 8.787  ; 8.787  ; 8.874  ;
; SW[3]      ; HEX1[4]     ; 8.884  ; 8.797  ; 8.797  ; 8.884  ;
; SW[3]      ; HEX1[5]     ; 8.910  ; 8.823  ; 8.823  ; 8.910  ;
; SW[3]      ; HEX2[0]     ;        ; 7.523  ; 7.523  ;        ;
; SW[3]      ; HEX2[1]     ;        ; 7.305  ; 7.305  ;        ;
; SW[3]      ; HEX2[2]     ;        ; 7.282  ; 7.282  ;        ;
; SW[3]      ; HEX2[3]     ;        ; 7.272  ; 7.272  ;        ;
; SW[3]      ; HEX2[4]     ;        ; 7.545  ; 7.545  ;        ;
; SW[3]      ; HEX2[5]     ;        ; 7.595  ; 7.595  ;        ;
; SW[3]      ; HEX2[6]     ;        ; 7.842  ; 7.842  ;        ;
; SW[3]      ; LEDG[7]     ; 12.643 ; 12.354 ; 12.354 ; 12.643 ;
; SW[4]      ; HEX0[0]     ; 9.393  ; 9.393  ; 9.393  ; 9.393  ;
; SW[4]      ; HEX0[1]     ; 9.895  ; 9.895  ; 9.895  ; 9.895  ;
; SW[4]      ; HEX0[2]     ; 10.134 ; 10.134 ; 10.134 ; 10.134 ;
; SW[4]      ; HEX0[3]     ; 10.244 ; 10.244 ; 10.244 ; 10.244 ;
; SW[4]      ; HEX0[4]     ; 10.232 ; 10.232 ; 10.232 ; 10.232 ;
; SW[4]      ; HEX0[5]     ; 10.227 ; 10.227 ; 10.227 ; 10.227 ;
; SW[4]      ; HEX0[6]     ; 10.230 ; 10.230 ; 10.230 ; 10.230 ;
; SW[4]      ; HEX1[0]     ; 9.406  ; 9.406  ; 9.406  ; 9.406  ;
; SW[4]      ; HEX1[3]     ; 9.388  ; 9.388  ; 9.388  ; 9.388  ;
; SW[4]      ; HEX1[4]     ; 9.398  ; 9.398  ; 9.398  ; 9.398  ;
; SW[4]      ; HEX1[5]     ; 9.424  ; 9.424  ; 9.424  ; 9.424  ;
; SW[4]      ; HEX3[0]     ; 7.253  ; 7.253  ; 7.253  ; 7.253  ;
; SW[4]      ; HEX3[1]     ; 7.772  ; 7.772  ; 7.772  ; 7.772  ;
; SW[4]      ; HEX3[2]     ;        ; 7.774  ; 7.774  ;        ;
; SW[4]      ; HEX3[3]     ; 7.191  ; 7.191  ; 7.191  ; 7.191  ;
; SW[4]      ; HEX3[4]     ; 6.867  ;        ;        ; 6.867  ;
; SW[4]      ; HEX3[5]     ; 7.258  ;        ;        ; 7.258  ;
; SW[4]      ; HEX3[6]     ; 7.611  ;        ;        ; 7.611  ;
; SW[4]      ; LEDG[7]     ; 13.089 ; 13.089 ; 13.089 ; 13.089 ;
; SW[5]      ; HEX0[0]     ; 9.131  ; 9.131  ; 9.131  ; 9.131  ;
; SW[5]      ; HEX0[1]     ; 9.633  ; 9.633  ; 9.633  ; 9.633  ;
; SW[5]      ; HEX0[2]     ; 9.872  ; 9.872  ; 9.872  ; 9.872  ;
; SW[5]      ; HEX0[3]     ; 9.982  ; 9.982  ; 9.982  ; 9.982  ;
; SW[5]      ; HEX0[4]     ; 9.970  ; 9.970  ; 9.970  ; 9.970  ;
; SW[5]      ; HEX0[5]     ; 9.965  ; 9.965  ; 9.965  ; 9.965  ;
; SW[5]      ; HEX0[6]     ; 9.968  ; 9.968  ; 9.968  ; 9.968  ;
; SW[5]      ; HEX1[0]     ; 9.144  ; 9.144  ; 9.144  ; 9.144  ;
; SW[5]      ; HEX1[3]     ; 9.126  ; 9.126  ; 9.126  ; 9.126  ;
; SW[5]      ; HEX1[4]     ; 9.136  ; 9.136  ; 9.136  ; 9.136  ;
; SW[5]      ; HEX1[5]     ; 9.162  ; 9.162  ; 9.162  ; 9.162  ;
; SW[5]      ; HEX3[0]     ;        ; 7.527  ; 7.527  ;        ;
; SW[5]      ; HEX3[1]     ; 8.046  ; 8.046  ; 8.046  ; 8.046  ;
; SW[5]      ; HEX3[2]     ; 8.043  ;        ;        ; 8.043  ;
; SW[5]      ; HEX3[3]     ; 7.441  ; 7.441  ; 7.441  ; 7.441  ;
; SW[5]      ; HEX3[4]     ;        ; 7.116  ; 7.116  ;        ;
; SW[5]      ; HEX3[5]     ; 7.530  ;        ;        ; 7.530  ;
; SW[5]      ; HEX3[6]     ; 7.852  ; 7.852  ; 7.852  ; 7.852  ;
; SW[5]      ; LEDG[7]     ; 12.827 ; 12.827 ; 12.827 ; 12.827 ;
; SW[6]      ; HEX0[0]     ; 8.727  ; 8.806  ; 8.806  ; 8.727  ;
; SW[6]      ; HEX0[1]     ; 9.582  ; 9.582  ; 9.582  ; 9.582  ;
; SW[6]      ; HEX0[2]     ; 9.821  ; 9.821  ; 9.821  ; 9.821  ;
; SW[6]      ; HEX0[3]     ; 9.931  ; 9.931  ; 9.931  ; 9.931  ;
; SW[6]      ; HEX0[4]     ; 9.919  ; 9.919  ; 9.919  ; 9.919  ;
; SW[6]      ; HEX0[5]     ; 9.914  ; 9.914  ; 9.914  ; 9.914  ;
; SW[6]      ; HEX0[6]     ; 9.917  ; 9.917  ; 9.917  ; 9.917  ;
; SW[6]      ; HEX1[0]     ; 9.093  ; 9.093  ; 9.093  ; 9.093  ;
; SW[6]      ; HEX1[3]     ; 9.075  ; 9.075  ; 9.075  ; 9.075  ;
; SW[6]      ; HEX1[4]     ; 9.085  ; 9.085  ; 9.085  ; 9.085  ;
; SW[6]      ; HEX1[5]     ; 9.111  ; 9.111  ; 9.111  ; 9.111  ;
; SW[6]      ; HEX3[0]     ; 7.399  ; 7.399  ; 7.399  ; 7.399  ;
; SW[6]      ; HEX3[1]     ; 7.922  ;        ;        ; 7.922  ;
; SW[6]      ; HEX3[2]     ;        ; 7.924  ; 7.924  ;        ;
; SW[6]      ; HEX3[3]     ; 7.353  ; 7.353  ; 7.353  ; 7.353  ;
; SW[6]      ; HEX3[4]     ; 7.028  ; 7.028  ; 7.028  ; 7.028  ;
; SW[6]      ; HEX3[5]     ;        ; 7.411  ; 7.411  ;        ;
; SW[6]      ; HEX3[6]     ; 7.765  ; 7.765  ; 7.765  ; 7.765  ;
; SW[6]      ; LEDG[7]     ; 12.642 ; 12.642 ; 12.642 ; 12.642 ;
; SW[7]      ; HEX0[0]     ; 7.357  ; 7.834  ; 7.834  ; 7.357  ;
; SW[7]      ; HEX0[1]     ; 8.346  ; 8.346  ; 8.346  ; 8.346  ;
; SW[7]      ; HEX0[2]     ; 8.585  ; 8.585  ; 8.585  ; 8.585  ;
; SW[7]      ; HEX0[3]     ; 8.695  ; 8.695  ; 8.695  ; 8.695  ;
; SW[7]      ; HEX0[4]     ; 8.683  ; 8.683  ; 8.683  ; 8.683  ;
; SW[7]      ; HEX0[5]     ; 8.678  ; 8.678  ; 8.678  ; 8.678  ;
; SW[7]      ; HEX0[6]     ; 8.681  ; 8.681  ; 8.681  ; 8.681  ;
; SW[7]      ; HEX1[0]     ; 7.857  ; 7.769  ; 7.769  ; 7.857  ;
; SW[7]      ; HEX1[3]     ; 7.839  ; 7.751  ; 7.751  ; 7.839  ;
; SW[7]      ; HEX1[4]     ; 7.849  ; 7.761  ; 7.761  ; 7.849  ;
; SW[7]      ; HEX1[5]     ; 7.875  ; 7.787  ; 7.787  ; 7.875  ;
; SW[7]      ; HEX3[0]     ;        ; 6.477  ; 6.477  ;        ;
; SW[7]      ; HEX3[1]     ;        ; 6.997  ; 6.997  ;        ;
; SW[7]      ; HEX3[2]     ;        ; 6.909  ; 6.909  ;        ;
; SW[7]      ; HEX3[3]     ;        ; 6.334  ; 6.334  ;        ;
; SW[7]      ; HEX3[4]     ;        ; 6.061  ; 6.061  ;        ;
; SW[7]      ; HEX3[5]     ;        ; 6.393  ; 6.393  ;        ;
; SW[7]      ; HEX3[6]     ;        ; 6.745  ; 6.745  ;        ;
; SW[7]      ; LEDG[7]     ; 11.608 ; 11.318 ; 11.318 ; 11.608 ;
; SW[8]      ; HEX0[0]     ; 8.410  ; 8.410  ; 8.410  ; 8.410  ;
; SW[8]      ; HEX0[1]     ; 8.912  ; 8.912  ; 8.912  ; 8.912  ;
; SW[8]      ; HEX0[2]     ; 9.151  ; 9.151  ; 9.151  ; 9.151  ;
; SW[8]      ; HEX0[3]     ; 9.261  ; 9.261  ; 9.261  ; 9.261  ;
; SW[8]      ; HEX0[4]     ; 9.249  ; 9.249  ; 9.249  ; 9.249  ;
; SW[8]      ; HEX0[5]     ; 9.244  ; 9.244  ; 9.244  ; 9.244  ;
; SW[8]      ; HEX0[6]     ; 9.247  ; 9.247  ; 9.247  ; 9.247  ;
; SW[8]      ; HEX1[0]     ; 8.423  ; 8.423  ; 8.423  ; 8.423  ;
; SW[8]      ; HEX1[3]     ; 8.405  ; 8.405  ; 8.405  ; 8.405  ;
; SW[8]      ; HEX1[4]     ; 8.415  ; 8.415  ; 8.415  ; 8.415  ;
; SW[8]      ; HEX1[5]     ; 8.441  ; 8.441  ; 8.441  ; 8.441  ;
; SW[8]      ; LEDG[7]     ; 12.106 ; 12.106 ; 12.106 ; 12.106 ;
+------------+-------------+--------+--------+--------+--------+


+--------------------------------------------------------------+
; Minimum Propagation Delay                                    ;
+------------+-------------+--------+--------+--------+--------+
; Input Port ; Output Port ; RR     ; RF     ; FR     ; FF     ;
+------------+-------------+--------+--------+--------+--------+
; SW[0]      ; HEX0[0]     ; 8.823  ; 8.823  ; 8.823  ; 8.823  ;
; SW[0]      ; HEX0[1]     ; 8.425  ; 8.425  ; 8.425  ; 8.425  ;
; SW[0]      ; HEX0[2]     ; 9.056  ; 9.056  ; 9.056  ; 9.056  ;
; SW[0]      ; HEX0[3]     ; 9.152  ; 9.152  ; 9.152  ; 9.152  ;
; SW[0]      ; HEX0[4]     ; 9.168  ; 9.168  ; 9.168  ; 9.168  ;
; SW[0]      ; HEX0[5]     ; 9.135  ; 9.135  ; 9.135  ; 9.135  ;
; SW[0]      ; HEX0[6]     ; 9.138  ; 9.138  ; 9.138  ; 9.138  ;
; SW[0]      ; HEX1[0]     ; 9.401  ; 9.401  ; 9.401  ; 9.401  ;
; SW[0]      ; HEX1[3]     ; 9.383  ; 9.383  ; 9.383  ; 9.383  ;
; SW[0]      ; HEX1[4]     ; 9.393  ; 9.393  ; 9.393  ; 9.393  ;
; SW[0]      ; HEX1[5]     ; 9.419  ; 9.419  ; 9.419  ; 9.419  ;
; SW[0]      ; HEX2[0]     ; 7.681  ; 7.681  ; 7.681  ; 7.681  ;
; SW[0]      ; HEX2[1]     ; 7.465  ; 7.465  ; 7.465  ; 7.465  ;
; SW[0]      ; HEX2[2]     ;        ; 7.505  ; 7.505  ;        ;
; SW[0]      ; HEX2[3]     ; 7.502  ; 7.502  ; 7.502  ; 7.502  ;
; SW[0]      ; HEX2[4]     ; 7.713  ;        ;        ; 7.713  ;
; SW[0]      ; HEX2[5]     ; 7.818  ;        ;        ; 7.818  ;
; SW[0]      ; HEX2[6]     ; 8.075  ;        ;        ; 8.075  ;
; SW[0]      ; LEDG[7]     ; 13.250 ; 13.312 ; 13.312 ; 13.250 ;
; SW[1]      ; HEX0[0]     ; 8.568  ; 8.568  ; 8.568  ; 8.568  ;
; SW[1]      ; HEX0[1]     ; 9.252  ; 9.252  ; 9.252  ; 9.252  ;
; SW[1]      ; HEX0[2]     ; 9.405  ; 9.405  ; 9.405  ; 9.405  ;
; SW[1]      ; HEX0[3]     ; 9.398  ; 9.398  ; 9.398  ; 9.398  ;
; SW[1]      ; HEX0[4]     ; 9.431  ; 9.431  ; 9.431  ; 9.431  ;
; SW[1]      ; HEX0[5]     ; 9.425  ; 9.425  ; 9.425  ; 9.425  ;
; SW[1]      ; HEX0[6]     ; 9.428  ; 9.428  ; 9.428  ; 9.428  ;
; SW[1]      ; HEX1[0]     ; 8.980  ; 8.980  ; 8.980  ; 8.980  ;
; SW[1]      ; HEX1[3]     ; 8.962  ; 8.962  ; 8.962  ; 8.962  ;
; SW[1]      ; HEX1[4]     ; 8.972  ; 8.972  ; 8.972  ; 8.972  ;
; SW[1]      ; HEX1[5]     ; 8.998  ; 8.998  ; 8.998  ; 8.998  ;
; SW[1]      ; HEX2[0]     ;        ; 7.933  ; 7.933  ;        ;
; SW[1]      ; HEX2[1]     ; 7.709  ; 7.709  ; 7.709  ; 7.709  ;
; SW[1]      ; HEX2[2]     ; 7.748  ;        ;        ; 7.748  ;
; SW[1]      ; HEX2[3]     ; 7.717  ; 7.717  ; 7.717  ; 7.717  ;
; SW[1]      ; HEX2[4]     ;        ; 7.948  ; 7.948  ;        ;
; SW[1]      ; HEX2[5]     ; 8.054  ;        ;        ; 8.054  ;
; SW[1]      ; HEX2[6]     ; 8.278  ; 8.278  ; 8.278  ; 8.278  ;
; SW[1]      ; LEDG[7]     ; 13.180 ; 13.242 ; 13.242 ; 13.180 ;
; SW[2]      ; HEX0[0]     ; 9.156  ; 9.156  ; 9.156  ; 9.156  ;
; SW[2]      ; HEX0[1]     ; 9.445  ; 9.445  ; 9.445  ; 9.445  ;
; SW[2]      ; HEX0[2]     ; 9.597  ; 9.597  ; 9.597  ; 9.597  ;
; SW[2]      ; HEX0[3]     ; 9.795  ; 9.795  ; 9.795  ; 9.795  ;
; SW[2]      ; HEX0[4]     ; 9.623  ; 9.623  ; 9.623  ; 9.623  ;
; SW[2]      ; HEX0[5]     ; 9.617  ; 9.617  ; 9.617  ; 9.617  ;
; SW[2]      ; HEX0[6]     ; 9.620  ; 9.620  ; 9.620  ; 9.620  ;
; SW[2]      ; HEX1[0]     ; 9.175  ; 9.175  ; 9.175  ; 9.175  ;
; SW[2]      ; HEX1[3]     ; 9.157  ; 9.157  ; 9.157  ; 9.157  ;
; SW[2]      ; HEX1[4]     ; 9.167  ; 9.167  ; 9.167  ; 9.167  ;
; SW[2]      ; HEX1[5]     ; 9.193  ; 9.193  ; 9.193  ; 9.193  ;
; SW[2]      ; HEX2[0]     ; 7.484  ; 7.484  ; 7.484  ; 7.484  ;
; SW[2]      ; HEX2[1]     ; 7.261  ;        ;        ; 7.261  ;
; SW[2]      ; HEX2[2]     ;        ; 7.300  ; 7.300  ;        ;
; SW[2]      ; HEX2[3]     ; 7.302  ; 7.302  ; 7.302  ; 7.302  ;
; SW[2]      ; HEX2[4]     ; 7.502  ; 7.502  ; 7.502  ; 7.502  ;
; SW[2]      ; HEX2[5]     ;        ; 7.608  ; 7.608  ;        ;
; SW[2]      ; HEX2[6]     ; 7.864  ; 7.864  ; 7.864  ; 7.864  ;
; SW[2]      ; LEDG[7]     ; 12.894 ; 12.894 ; 12.894 ; 12.894 ;
; SW[3]      ; HEX0[0]     ; 8.393  ; 8.393  ; 8.393  ; 8.393  ;
; SW[3]      ; HEX0[1]     ; 9.074  ; 9.074  ; 9.074  ; 9.074  ;
; SW[3]      ; HEX0[2]     ; 9.227  ; 9.227  ; 9.227  ; 9.227  ;
; SW[3]      ; HEX0[3]     ; 9.223  ; 9.223  ; 9.223  ; 9.223  ;
; SW[3]      ; HEX0[4]     ; 9.253  ; 9.253  ; 9.253  ; 9.253  ;
; SW[3]      ; HEX0[5]     ; 9.247  ; 9.247  ; 9.247  ; 9.247  ;
; SW[3]      ; HEX0[6]     ; 9.250  ; 9.250  ; 9.250  ; 9.250  ;
; SW[3]      ; HEX1[0]     ; 8.805  ; 8.805  ; 8.805  ; 8.805  ;
; SW[3]      ; HEX1[3]     ; 8.787  ; 8.787  ; 8.787  ; 8.787  ;
; SW[3]      ; HEX1[4]     ; 8.797  ; 8.797  ; 8.797  ; 8.797  ;
; SW[3]      ; HEX1[5]     ; 8.823  ; 8.823  ; 8.823  ; 8.823  ;
; SW[3]      ; HEX2[0]     ;        ; 7.523  ; 7.523  ;        ;
; SW[3]      ; HEX2[1]     ;        ; 7.305  ; 7.305  ;        ;
; SW[3]      ; HEX2[2]     ;        ; 7.282  ; 7.282  ;        ;
; SW[3]      ; HEX2[3]     ;        ; 7.272  ; 7.272  ;        ;
; SW[3]      ; HEX2[4]     ;        ; 7.545  ; 7.545  ;        ;
; SW[3]      ; HEX2[5]     ;        ; 7.595  ; 7.595  ;        ;
; SW[3]      ; HEX2[6]     ;        ; 7.842  ; 7.842  ;        ;
; SW[3]      ; LEDG[7]     ; 12.354 ; 12.354 ; 12.354 ; 12.354 ;
; SW[4]      ; HEX0[0]     ; 8.470  ; 8.470  ; 8.470  ; 8.470  ;
; SW[4]      ; HEX0[1]     ; 8.072  ; 8.072  ; 8.072  ; 8.072  ;
; SW[4]      ; HEX0[2]     ; 8.703  ; 8.703  ; 8.703  ; 8.703  ;
; SW[4]      ; HEX0[3]     ; 8.799  ; 8.799  ; 8.799  ; 8.799  ;
; SW[4]      ; HEX0[4]     ; 8.815  ; 8.815  ; 8.815  ; 8.815  ;
; SW[4]      ; HEX0[5]     ; 8.782  ; 8.782  ; 8.782  ; 8.782  ;
; SW[4]      ; HEX0[6]     ; 8.785  ; 8.785  ; 8.785  ; 8.785  ;
; SW[4]      ; HEX1[0]     ; 9.044  ; 9.044  ; 9.044  ; 9.044  ;
; SW[4]      ; HEX1[3]     ; 9.026  ; 9.026  ; 9.026  ; 9.026  ;
; SW[4]      ; HEX1[4]     ; 9.036  ; 9.036  ; 9.036  ; 9.036  ;
; SW[4]      ; HEX1[5]     ; 9.062  ; 9.062  ; 9.062  ; 9.062  ;
; SW[4]      ; HEX3[0]     ; 7.253  ; 7.253  ; 7.253  ; 7.253  ;
; SW[4]      ; HEX3[1]     ; 7.772  ; 7.772  ; 7.772  ; 7.772  ;
; SW[4]      ; HEX3[2]     ;        ; 7.774  ; 7.774  ;        ;
; SW[4]      ; HEX3[3]     ; 7.191  ; 7.191  ; 7.191  ; 7.191  ;
; SW[4]      ; HEX3[4]     ; 6.867  ;        ;        ; 6.867  ;
; SW[4]      ; HEX3[5]     ; 7.258  ;        ;        ; 7.258  ;
; SW[4]      ; HEX3[6]     ; 7.611  ;        ;        ; 7.611  ;
; SW[4]      ; LEDG[7]     ; 12.893 ; 12.955 ; 12.955 ; 12.893 ;
; SW[5]      ; HEX0[0]     ; 8.018  ; 8.018  ; 8.018  ; 8.018  ;
; SW[5]      ; HEX0[1]     ; 8.702  ; 8.702  ; 8.702  ; 8.702  ;
; SW[5]      ; HEX0[2]     ; 8.855  ; 8.855  ; 8.855  ; 8.855  ;
; SW[5]      ; HEX0[3]     ; 8.848  ; 8.848  ; 8.848  ; 8.848  ;
; SW[5]      ; HEX0[4]     ; 8.881  ; 8.881  ; 8.881  ; 8.881  ;
; SW[5]      ; HEX0[5]     ; 8.875  ; 8.875  ; 8.875  ; 8.875  ;
; SW[5]      ; HEX0[6]     ; 8.878  ; 8.878  ; 8.878  ; 8.878  ;
; SW[5]      ; HEX1[0]     ; 8.430  ; 8.430  ; 8.430  ; 8.430  ;
; SW[5]      ; HEX1[3]     ; 8.412  ; 8.412  ; 8.412  ; 8.412  ;
; SW[5]      ; HEX1[4]     ; 8.422  ; 8.422  ; 8.422  ; 8.422  ;
; SW[5]      ; HEX1[5]     ; 8.448  ; 8.448  ; 8.448  ; 8.448  ;
; SW[5]      ; HEX3[0]     ;        ; 7.527  ; 7.527  ;        ;
; SW[5]      ; HEX3[1]     ; 8.046  ; 8.046  ; 8.046  ; 8.046  ;
; SW[5]      ; HEX3[2]     ; 8.043  ;        ;        ; 8.043  ;
; SW[5]      ; HEX3[3]     ; 7.441  ; 7.441  ; 7.441  ; 7.441  ;
; SW[5]      ; HEX3[4]     ;        ; 7.116  ; 7.116  ;        ;
; SW[5]      ; HEX3[5]     ; 7.530  ;        ;        ; 7.530  ;
; SW[5]      ; HEX3[6]     ; 7.852  ; 7.852  ; 7.852  ; 7.852  ;
; SW[5]      ; LEDG[7]     ; 12.631 ; 12.693 ; 12.693 ; 12.631 ;
; SW[6]      ; HEX0[0]     ; 8.681  ; 8.681  ; 8.681  ; 8.681  ;
; SW[6]      ; HEX0[1]     ; 8.974  ; 8.974  ; 8.974  ; 8.974  ;
; SW[6]      ; HEX0[2]     ; 9.126  ; 9.126  ; 9.126  ; 9.126  ;
; SW[6]      ; HEX0[3]     ; 9.324  ; 9.324  ; 9.324  ; 9.324  ;
; SW[6]      ; HEX0[4]     ; 9.152  ; 9.152  ; 9.152  ; 9.152  ;
; SW[6]      ; HEX0[5]     ; 9.146  ; 9.146  ; 9.146  ; 9.146  ;
; SW[6]      ; HEX0[6]     ; 9.149  ; 9.149  ; 9.149  ; 9.149  ;
; SW[6]      ; HEX1[0]     ; 8.704  ; 8.704  ; 8.704  ; 8.704  ;
; SW[6]      ; HEX1[3]     ; 8.686  ; 8.686  ; 8.686  ; 8.686  ;
; SW[6]      ; HEX1[4]     ; 8.696  ; 8.696  ; 8.696  ; 8.696  ;
; SW[6]      ; HEX1[5]     ; 8.722  ; 8.722  ; 8.722  ; 8.722  ;
; SW[6]      ; HEX3[0]     ; 7.399  ; 7.399  ; 7.399  ; 7.399  ;
; SW[6]      ; HEX3[1]     ; 7.922  ;        ;        ; 7.922  ;
; SW[6]      ; HEX3[2]     ;        ; 7.924  ; 7.924  ;        ;
; SW[6]      ; HEX3[3]     ; 7.353  ; 7.353  ; 7.353  ; 7.353  ;
; SW[6]      ; HEX3[4]     ; 7.028  ; 7.028  ; 7.028  ; 7.028  ;
; SW[6]      ; HEX3[5]     ;        ; 7.411  ; 7.411  ;        ;
; SW[6]      ; HEX3[6]     ; 7.765  ; 7.765  ; 7.765  ; 7.765  ;
; SW[6]      ; LEDG[7]     ; 12.423 ; 12.423 ; 12.423 ; 12.423 ;
; SW[7]      ; HEX0[0]     ; 7.357  ; 7.357  ; 7.357  ; 7.357  ;
; SW[7]      ; HEX0[1]     ; 8.038  ; 8.038  ; 8.038  ; 8.038  ;
; SW[7]      ; HEX0[2]     ; 8.191  ; 8.191  ; 8.191  ; 8.191  ;
; SW[7]      ; HEX0[3]     ; 8.187  ; 8.187  ; 8.187  ; 8.187  ;
; SW[7]      ; HEX0[4]     ; 8.217  ; 8.217  ; 8.217  ; 8.217  ;
; SW[7]      ; HEX0[5]     ; 8.211  ; 8.211  ; 8.211  ; 8.211  ;
; SW[7]      ; HEX0[6]     ; 8.214  ; 8.214  ; 8.214  ; 8.214  ;
; SW[7]      ; HEX1[0]     ; 7.769  ; 7.769  ; 7.769  ; 7.769  ;
; SW[7]      ; HEX1[3]     ; 7.751  ; 7.751  ; 7.751  ; 7.751  ;
; SW[7]      ; HEX1[4]     ; 7.761  ; 7.761  ; 7.761  ; 7.761  ;
; SW[7]      ; HEX1[5]     ; 7.787  ; 7.787  ; 7.787  ; 7.787  ;
; SW[7]      ; HEX3[0]     ;        ; 6.477  ; 6.477  ;        ;
; SW[7]      ; HEX3[1]     ;        ; 6.997  ; 6.997  ;        ;
; SW[7]      ; HEX3[2]     ;        ; 6.909  ; 6.909  ;        ;
; SW[7]      ; HEX3[3]     ;        ; 6.334  ; 6.334  ;        ;
; SW[7]      ; HEX3[4]     ;        ; 6.061  ; 6.061  ;        ;
; SW[7]      ; HEX3[5]     ;        ; 6.393  ; 6.393  ;        ;
; SW[7]      ; HEX3[6]     ;        ; 6.745  ; 6.745  ;        ;
; SW[7]      ; LEDG[7]     ; 11.318 ; 11.318 ; 11.318 ; 11.318 ;
; SW[8]      ; HEX0[0]     ; 7.649  ; 7.649  ; 7.649  ; 7.649  ;
; SW[8]      ; HEX0[1]     ; 7.442  ; 7.442  ; 7.442  ; 7.442  ;
; SW[8]      ; HEX0[2]     ; 8.073  ; 8.073  ; 8.073  ; 8.073  ;
; SW[8]      ; HEX0[3]     ; 8.169  ; 8.169  ; 8.169  ; 8.169  ;
; SW[8]      ; HEX0[4]     ; 8.185  ; 8.185  ; 8.185  ; 8.185  ;
; SW[8]      ; HEX0[5]     ; 8.152  ; 8.152  ; 8.152  ; 8.152  ;
; SW[8]      ; HEX0[6]     ; 8.155  ; 8.155  ; 8.155  ; 8.155  ;
; SW[8]      ; HEX1[0]     ; 8.061  ; 8.061  ; 8.061  ; 8.061  ;
; SW[8]      ; HEX1[3]     ; 8.043  ; 8.043  ; 8.043  ; 8.043  ;
; SW[8]      ; HEX1[4]     ; 8.053  ; 8.053  ; 8.053  ; 8.053  ;
; SW[8]      ; HEX1[5]     ; 8.079  ; 8.079  ; 8.079  ; 8.079  ;
; SW[8]      ; LEDG[7]     ; 11.910 ; 11.972 ; 11.972 ; 11.910 ;
+------------+-------------+--------+--------+--------+--------+


----------------------------
; Fast Model Setup Summary ;
----------------------------
No paths to report.


---------------------------
; Fast Model Hold Summary ;
---------------------------
No paths to report.


-------------------------------
; Fast Model Recovery Summary ;
-------------------------------
No paths to report.


------------------------------
; Fast Model Removal Summary ;
------------------------------
No paths to report.


------------------------------------------
; Fast Model Minimum Pulse Width Summary ;
------------------------------------------
No paths to report.


+----------------------------------------------------------+
; Propagation Delay                                        ;
+------------+-------------+-------+-------+-------+-------+
; Input Port ; Output Port ; RR    ; RF    ; FR    ; FF    ;
+------------+-------------+-------+-------+-------+-------+
; SW[0]      ; HEX0[0]     ; 4.284 ; 4.284 ; 4.284 ; 4.284 ;
; SW[0]      ; HEX0[1]     ; 4.483 ; 4.483 ; 4.483 ; 4.483 ;
; SW[0]      ; HEX0[2]     ; 4.611 ; 4.611 ; 4.611 ; 4.611 ;
; SW[0]      ; HEX0[3]     ; 4.626 ; 4.626 ; 4.626 ; 4.626 ;
; SW[0]      ; HEX0[4]     ; 4.639 ; 4.639 ; 4.639 ; 4.639 ;
; SW[0]      ; HEX0[5]     ; 4.633 ; 4.633 ; 4.633 ; 4.633 ;
; SW[0]      ; HEX0[6]     ; 4.634 ; 4.634 ; 4.634 ; 4.634 ;
; SW[0]      ; HEX1[0]     ; 4.335 ; 4.335 ; 4.335 ; 4.335 ;
; SW[0]      ; HEX1[3]     ; 4.315 ; 4.315 ; 4.315 ; 4.315 ;
; SW[0]      ; HEX1[4]     ; 4.325 ; 4.325 ; 4.325 ; 4.325 ;
; SW[0]      ; HEX1[5]     ; 4.350 ; 4.350 ; 4.350 ; 4.350 ;
; SW[0]      ; HEX2[0]     ; 3.545 ; 3.545 ; 3.545 ; 3.545 ;
; SW[0]      ; HEX2[1]     ; 3.473 ; 3.473 ; 3.473 ; 3.473 ;
; SW[0]      ; HEX2[2]     ;       ; 3.516 ; 3.516 ;       ;
; SW[0]      ; HEX2[3]     ; 3.511 ; 3.511 ; 3.511 ; 3.511 ;
; SW[0]      ; HEX2[4]     ; 3.573 ;       ;       ; 3.573 ;
; SW[0]      ; HEX2[5]     ; 3.616 ;       ;       ; 3.616 ;
; SW[0]      ; HEX2[6]     ; 3.716 ;       ;       ; 3.716 ;
; SW[0]      ; LEDG[7]     ; 5.786 ; 5.786 ; 5.786 ; 5.786 ;
; SW[1]      ; HEX0[0]     ; 4.240 ; 4.240 ; 4.240 ; 4.240 ;
; SW[1]      ; HEX0[1]     ; 4.439 ; 4.439 ; 4.439 ; 4.439 ;
; SW[1]      ; HEX0[2]     ; 4.567 ; 4.567 ; 4.567 ; 4.567 ;
; SW[1]      ; HEX0[3]     ; 4.582 ; 4.582 ; 4.582 ; 4.582 ;
; SW[1]      ; HEX0[4]     ; 4.595 ; 4.595 ; 4.595 ; 4.595 ;
; SW[1]      ; HEX0[5]     ; 4.589 ; 4.589 ; 4.589 ; 4.589 ;
; SW[1]      ; HEX0[6]     ; 4.590 ; 4.590 ; 4.590 ; 4.590 ;
; SW[1]      ; HEX1[0]     ; 4.291 ; 4.291 ; 4.291 ; 4.291 ;
; SW[1]      ; HEX1[3]     ; 4.271 ; 4.271 ; 4.271 ; 4.271 ;
; SW[1]      ; HEX1[4]     ; 4.281 ; 4.281 ; 4.281 ; 4.281 ;
; SW[1]      ; HEX1[5]     ; 4.306 ; 4.306 ; 4.306 ; 4.306 ;
; SW[1]      ; HEX2[0]     ;       ; 3.622 ; 3.622 ;       ;
; SW[1]      ; HEX2[1]     ; 3.547 ; 3.547 ; 3.547 ; 3.547 ;
; SW[1]      ; HEX2[2]     ; 3.594 ;       ;       ; 3.594 ;
; SW[1]      ; HEX2[3]     ; 3.587 ; 3.587 ; 3.587 ; 3.587 ;
; SW[1]      ; HEX2[4]     ;       ; 3.639 ; 3.639 ;       ;
; SW[1]      ; HEX2[5]     ; 3.686 ;       ;       ; 3.686 ;
; SW[1]      ; HEX2[6]     ; 3.786 ; 3.786 ; 3.786 ; 3.786 ;
; SW[1]      ; LEDG[7]     ; 5.742 ; 5.742 ; 5.742 ; 5.742 ;
; SW[2]      ; HEX0[0]     ; 4.096 ; 4.100 ; 4.100 ; 4.096 ;
; SW[2]      ; HEX0[1]     ; 4.398 ; 4.398 ; 4.398 ; 4.398 ;
; SW[2]      ; HEX0[2]     ; 4.526 ; 4.526 ; 4.526 ; 4.526 ;
; SW[2]      ; HEX0[3]     ; 4.535 ; 4.535 ; 4.535 ; 4.535 ;
; SW[2]      ; HEX0[4]     ; 4.554 ; 4.554 ; 4.554 ; 4.554 ;
; SW[2]      ; HEX0[5]     ; 4.548 ; 4.548 ; 4.548 ; 4.548 ;
; SW[2]      ; HEX0[6]     ; 4.549 ; 4.549 ; 4.549 ; 4.549 ;
; SW[2]      ; HEX1[0]     ; 4.250 ; 4.250 ; 4.250 ; 4.250 ;
; SW[2]      ; HEX1[3]     ; 4.230 ; 4.230 ; 4.230 ; 4.230 ;
; SW[2]      ; HEX1[4]     ; 4.240 ; 4.240 ; 4.240 ; 4.240 ;
; SW[2]      ; HEX1[5]     ; 4.265 ; 4.265 ; 4.265 ; 4.265 ;
; SW[2]      ; HEX2[0]     ; 3.488 ; 3.488 ; 3.488 ; 3.488 ;
; SW[2]      ; HEX2[1]     ; 3.432 ;       ;       ; 3.432 ;
; SW[2]      ; HEX2[2]     ;       ; 3.452 ; 3.452 ;       ;
; SW[2]      ; HEX2[3]     ; 3.453 ; 3.453 ; 3.453 ; 3.453 ;
; SW[2]      ; HEX2[4]     ; 3.506 ; 3.506 ; 3.506 ; 3.506 ;
; SW[2]      ; HEX2[5]     ;       ; 3.547 ; 3.547 ;       ;
; SW[2]      ; HEX2[6]     ; 3.646 ; 3.646 ; 3.646 ; 3.646 ;
; SW[2]      ; LEDG[7]     ; 5.653 ; 5.653 ; 5.653 ; 5.653 ;
; SW[3]      ; HEX0[0]     ; 3.790 ; 3.943 ; 3.943 ; 3.790 ;
; SW[3]      ; HEX0[1]     ; 4.160 ; 4.160 ; 4.160 ; 4.160 ;
; SW[3]      ; HEX0[2]     ; 4.288 ; 4.288 ; 4.288 ; 4.288 ;
; SW[3]      ; HEX0[3]     ; 4.297 ; 4.297 ; 4.297 ; 4.297 ;
; SW[3]      ; HEX0[4]     ; 4.316 ; 4.316 ; 4.316 ; 4.316 ;
; SW[3]      ; HEX0[5]     ; 4.310 ; 4.310 ; 4.310 ; 4.310 ;
; SW[3]      ; HEX0[6]     ; 4.311 ; 4.311 ; 4.311 ; 4.311 ;
; SW[3]      ; HEX1[0]     ; 4.012 ; 3.988 ; 3.988 ; 4.012 ;
; SW[3]      ; HEX1[3]     ; 3.992 ; 3.968 ; 3.968 ; 3.992 ;
; SW[3]      ; HEX1[4]     ; 4.002 ; 3.978 ; 3.978 ; 4.002 ;
; SW[3]      ; HEX1[5]     ; 4.027 ; 4.003 ; 4.003 ; 4.027 ;
; SW[3]      ; HEX2[0]     ;       ; 3.503 ; 3.503 ;       ;
; SW[3]      ; HEX2[1]     ;       ; 3.430 ; 3.430 ;       ;
; SW[3]      ; HEX2[2]     ;       ; 3.475 ; 3.475 ;       ;
; SW[3]      ; HEX2[3]     ;       ; 3.469 ; 3.469 ;       ;
; SW[3]      ; HEX2[4]     ;       ; 3.528 ; 3.528 ;       ;
; SW[3]      ; HEX2[5]     ;       ; 3.572 ; 3.572 ;       ;
; SW[3]      ; HEX2[6]     ;       ; 3.672 ; 3.672 ;       ;
; SW[3]      ; LEDG[7]     ; 5.484 ; 5.391 ; 5.391 ; 5.484 ;
; SW[4]      ; HEX0[0]     ; 4.143 ; 4.143 ; 4.143 ; 4.143 ;
; SW[4]      ; HEX0[1]     ; 4.342 ; 4.342 ; 4.342 ; 4.342 ;
; SW[4]      ; HEX0[2]     ; 4.470 ; 4.470 ; 4.470 ; 4.470 ;
; SW[4]      ; HEX0[3]     ; 4.485 ; 4.485 ; 4.485 ; 4.485 ;
; SW[4]      ; HEX0[4]     ; 4.498 ; 4.498 ; 4.498 ; 4.498 ;
; SW[4]      ; HEX0[5]     ; 4.492 ; 4.492 ; 4.492 ; 4.492 ;
; SW[4]      ; HEX0[6]     ; 4.493 ; 4.493 ; 4.493 ; 4.493 ;
; SW[4]      ; HEX1[0]     ; 4.194 ; 4.194 ; 4.194 ; 4.194 ;
; SW[4]      ; HEX1[3]     ; 4.174 ; 4.174 ; 4.174 ; 4.174 ;
; SW[4]      ; HEX1[4]     ; 4.184 ; 4.184 ; 4.184 ; 4.184 ;
; SW[4]      ; HEX1[5]     ; 4.209 ; 4.209 ; 4.209 ; 4.209 ;
; SW[4]      ; HEX3[0]     ; 3.414 ; 3.414 ; 3.414 ; 3.414 ;
; SW[4]      ; HEX3[1]     ; 3.685 ; 3.685 ; 3.685 ; 3.685 ;
; SW[4]      ; HEX3[2]     ;       ; 3.684 ; 3.684 ;       ;
; SW[4]      ; HEX3[3]     ; 3.371 ; 3.371 ; 3.371 ; 3.371 ;
; SW[4]      ; HEX3[4]     ; 3.247 ;       ;       ; 3.247 ;
; SW[4]      ; HEX3[5]     ; 3.422 ;       ;       ; 3.422 ;
; SW[4]      ; HEX3[6]     ; 3.564 ;       ;       ; 3.564 ;
; SW[4]      ; LEDG[7]     ; 5.645 ; 5.645 ; 5.645 ; 5.645 ;
; SW[5]      ; HEX0[0]     ; 4.021 ; 4.021 ; 4.021 ; 4.021 ;
; SW[5]      ; HEX0[1]     ; 4.220 ; 4.220 ; 4.220 ; 4.220 ;
; SW[5]      ; HEX0[2]     ; 4.348 ; 4.348 ; 4.348 ; 4.348 ;
; SW[5]      ; HEX0[3]     ; 4.363 ; 4.363 ; 4.363 ; 4.363 ;
; SW[5]      ; HEX0[4]     ; 4.376 ; 4.376 ; 4.376 ; 4.376 ;
; SW[5]      ; HEX0[5]     ; 4.370 ; 4.370 ; 4.370 ; 4.370 ;
; SW[5]      ; HEX0[6]     ; 4.371 ; 4.371 ; 4.371 ; 4.371 ;
; SW[5]      ; HEX1[0]     ; 4.072 ; 4.072 ; 4.072 ; 4.072 ;
; SW[5]      ; HEX1[3]     ; 4.052 ; 4.052 ; 4.052 ; 4.052 ;
; SW[5]      ; HEX1[4]     ; 4.062 ; 4.062 ; 4.062 ; 4.062 ;
; SW[5]      ; HEX1[5]     ; 4.087 ; 4.087 ; 4.087 ; 4.087 ;
; SW[5]      ; HEX3[0]     ;       ; 3.479 ; 3.479 ;       ;
; SW[5]      ; HEX3[1]     ; 3.750 ; 3.750 ; 3.750 ; 3.750 ;
; SW[5]      ; HEX3[2]     ; 3.754 ;       ;       ; 3.754 ;
; SW[5]      ; HEX3[3]     ; 3.448 ; 3.448 ; 3.448 ; 3.448 ;
; SW[5]      ; HEX3[4]     ;       ; 3.322 ; 3.322 ;       ;
; SW[5]      ; HEX3[5]     ; 3.490 ;       ;       ; 3.490 ;
; SW[5]      ; HEX3[6]     ; 3.633 ; 3.633 ; 3.633 ; 3.633 ;
; SW[5]      ; LEDG[7]     ; 5.523 ; 5.523 ; 5.523 ; 5.523 ;
; SW[6]      ; HEX0[0]     ; 3.874 ; 3.880 ; 3.880 ; 3.874 ;
; SW[6]      ; HEX0[1]     ; 4.178 ; 4.178 ; 4.178 ; 4.178 ;
; SW[6]      ; HEX0[2]     ; 4.306 ; 4.306 ; 4.306 ; 4.306 ;
; SW[6]      ; HEX0[3]     ; 4.315 ; 4.315 ; 4.315 ; 4.315 ;
; SW[6]      ; HEX0[4]     ; 4.334 ; 4.334 ; 4.334 ; 4.334 ;
; SW[6]      ; HEX0[5]     ; 4.328 ; 4.328 ; 4.328 ; 4.328 ;
; SW[6]      ; HEX0[6]     ; 4.329 ; 4.329 ; 4.329 ; 4.329 ;
; SW[6]      ; HEX1[0]     ; 4.030 ; 4.030 ; 4.030 ; 4.030 ;
; SW[6]      ; HEX1[3]     ; 4.010 ; 4.010 ; 4.010 ; 4.010 ;
; SW[6]      ; HEX1[4]     ; 4.020 ; 4.020 ; 4.020 ; 4.020 ;
; SW[6]      ; HEX1[5]     ; 4.045 ; 4.045 ; 4.045 ; 4.045 ;
; SW[6]      ; HEX3[0]     ; 3.448 ; 3.448 ; 3.448 ; 3.448 ;
; SW[6]      ; HEX3[1]     ; 3.719 ;       ;       ; 3.719 ;
; SW[6]      ; HEX3[2]     ;       ; 3.720 ; 3.720 ;       ;
; SW[6]      ; HEX3[3]     ; 3.415 ; 3.415 ; 3.415 ; 3.415 ;
; SW[6]      ; HEX3[4]     ; 3.290 ; 3.290 ; 3.290 ; 3.290 ;
; SW[6]      ; HEX3[5]     ;       ; 3.458 ; 3.458 ;       ;
; SW[6]      ; HEX3[6]     ; 3.602 ; 3.602 ; 3.602 ; 3.602 ;
; SW[6]      ; LEDG[7]     ; 5.433 ; 5.433 ; 5.433 ; 5.433 ;
; SW[7]      ; HEX0[0]     ; 3.305 ; 3.456 ; 3.456 ; 3.305 ;
; SW[7]      ; HEX0[1]     ; 3.673 ; 3.673 ; 3.673 ; 3.673 ;
; SW[7]      ; HEX0[2]     ; 3.801 ; 3.801 ; 3.801 ; 3.801 ;
; SW[7]      ; HEX0[3]     ; 3.810 ; 3.810 ; 3.810 ; 3.810 ;
; SW[7]      ; HEX0[4]     ; 3.829 ; 3.829 ; 3.829 ; 3.829 ;
; SW[7]      ; HEX0[5]     ; 3.823 ; 3.823 ; 3.823 ; 3.823 ;
; SW[7]      ; HEX0[6]     ; 3.824 ; 3.824 ; 3.824 ; 3.824 ;
; SW[7]      ; HEX1[0]     ; 3.525 ; 3.503 ; 3.503 ; 3.525 ;
; SW[7]      ; HEX1[3]     ; 3.505 ; 3.483 ; 3.483 ; 3.505 ;
; SW[7]      ; HEX1[4]     ; 3.515 ; 3.493 ; 3.493 ; 3.515 ;
; SW[7]      ; HEX1[5]     ; 3.540 ; 3.518 ; 3.518 ; 3.540 ;
; SW[7]      ; HEX3[0]     ;       ; 3.038 ; 3.038 ;       ;
; SW[7]      ; HEX3[1]     ;       ; 3.309 ; 3.309 ;       ;
; SW[7]      ; HEX3[2]     ;       ; 3.314 ; 3.314 ;       ;
; SW[7]      ; HEX3[3]     ;       ; 3.002 ; 3.002 ;       ;
; SW[7]      ; HEX3[4]     ;       ; 2.877 ; 2.877 ;       ;
; SW[7]      ; HEX3[5]     ;       ; 3.045 ; 3.045 ;       ;
; SW[7]      ; HEX3[6]     ;       ; 3.187 ; 3.187 ;       ;
; SW[7]      ; LEDG[7]     ; 4.997 ; 4.906 ; 4.906 ; 4.997 ;
; SW[8]      ; HEX0[0]     ; 3.679 ; 3.679 ; 3.679 ; 3.679 ;
; SW[8]      ; HEX0[1]     ; 3.878 ; 3.878 ; 3.878 ; 3.878 ;
; SW[8]      ; HEX0[2]     ; 4.006 ; 4.006 ; 4.006 ; 4.006 ;
; SW[8]      ; HEX0[3]     ; 4.021 ; 4.021 ; 4.021 ; 4.021 ;
; SW[8]      ; HEX0[4]     ; 4.034 ; 4.034 ; 4.034 ; 4.034 ;
; SW[8]      ; HEX0[5]     ; 4.028 ; 4.028 ; 4.028 ; 4.028 ;
; SW[8]      ; HEX0[6]     ; 4.029 ; 4.029 ; 4.029 ; 4.029 ;
; SW[8]      ; HEX1[0]     ; 3.730 ; 3.730 ; 3.730 ; 3.730 ;
; SW[8]      ; HEX1[3]     ; 3.710 ; 3.710 ; 3.710 ; 3.710 ;
; SW[8]      ; HEX1[4]     ; 3.720 ; 3.720 ; 3.720 ; 3.720 ;
; SW[8]      ; HEX1[5]     ; 3.745 ; 3.745 ; 3.745 ; 3.745 ;
; SW[8]      ; LEDG[7]     ; 5.181 ; 5.181 ; 5.181 ; 5.181 ;
+------------+-------------+-------+-------+-------+-------+


+----------------------------------------------------------+
; Minimum Propagation Delay                                ;
+------------+-------------+-------+-------+-------+-------+
; Input Port ; Output Port ; RR    ; RF    ; FR    ; FF    ;
+------------+-------------+-------+-------+-------+-------+
; SW[0]      ; HEX0[0]     ; 3.944 ; 3.944 ; 3.944 ; 3.944 ;
; SW[0]      ; HEX0[1]     ; 3.838 ; 3.838 ; 3.838 ; 3.838 ;
; SW[0]      ; HEX0[2]     ; 4.091 ; 4.091 ; 4.091 ; 4.091 ;
; SW[0]      ; HEX0[3]     ; 4.098 ; 4.098 ; 4.098 ; 4.098 ;
; SW[0]      ; HEX0[4]     ; 4.111 ; 4.111 ; 4.111 ; 4.111 ;
; SW[0]      ; HEX0[5]     ; 4.108 ; 4.108 ; 4.108 ; 4.108 ;
; SW[0]      ; HEX0[6]     ; 4.111 ; 4.111 ; 4.111 ; 4.111 ;
; SW[0]      ; HEX1[0]     ; 4.198 ; 4.198 ; 4.198 ; 4.198 ;
; SW[0]      ; HEX1[3]     ; 4.178 ; 4.178 ; 4.178 ; 4.178 ;
; SW[0]      ; HEX1[4]     ; 4.188 ; 4.188 ; 4.188 ; 4.188 ;
; SW[0]      ; HEX1[5]     ; 4.213 ; 4.213 ; 4.213 ; 4.213 ;
; SW[0]      ; HEX2[0]     ; 3.545 ; 3.545 ; 3.545 ; 3.545 ;
; SW[0]      ; HEX2[1]     ; 3.473 ; 3.473 ; 3.473 ; 3.473 ;
; SW[0]      ; HEX2[2]     ;       ; 3.516 ; 3.516 ;       ;
; SW[0]      ; HEX2[3]     ; 3.511 ; 3.511 ; 3.511 ; 3.511 ;
; SW[0]      ; HEX2[4]     ; 3.573 ;       ;       ; 3.573 ;
; SW[0]      ; HEX2[5]     ; 3.616 ;       ;       ; 3.616 ;
; SW[0]      ; HEX2[6]     ; 3.716 ;       ;       ; 3.716 ;
; SW[0]      ; LEDG[7]     ; 5.726 ; 5.738 ; 5.738 ; 5.726 ;
; SW[1]      ; HEX0[0]     ; 3.851 ; 3.851 ; 3.851 ; 3.851 ;
; SW[1]      ; HEX0[1]     ; 4.122 ; 4.122 ; 4.122 ; 4.122 ;
; SW[1]      ; HEX0[2]     ; 4.194 ; 4.194 ; 4.194 ; 4.194 ;
; SW[1]      ; HEX0[3]     ; 4.193 ; 4.193 ; 4.193 ; 4.193 ;
; SW[1]      ; HEX0[4]     ; 4.219 ; 4.219 ; 4.219 ; 4.219 ;
; SW[1]      ; HEX0[5]     ; 4.215 ; 4.215 ; 4.215 ; 4.215 ;
; SW[1]      ; HEX0[6]     ; 4.217 ; 4.217 ; 4.217 ; 4.217 ;
; SW[1]      ; HEX1[0]     ; 4.049 ; 4.049 ; 4.049 ; 4.049 ;
; SW[1]      ; HEX1[3]     ; 4.029 ; 4.029 ; 4.029 ; 4.029 ;
; SW[1]      ; HEX1[4]     ; 4.039 ; 4.039 ; 4.039 ; 4.039 ;
; SW[1]      ; HEX1[5]     ; 4.064 ; 4.064 ; 4.064 ; 4.064 ;
; SW[1]      ; HEX2[0]     ;       ; 3.622 ; 3.622 ;       ;
; SW[1]      ; HEX2[1]     ; 3.547 ; 3.547 ; 3.547 ; 3.547 ;
; SW[1]      ; HEX2[2]     ; 3.594 ;       ;       ; 3.594 ;
; SW[1]      ; HEX2[3]     ; 3.587 ; 3.587 ; 3.587 ; 3.587 ;
; SW[1]      ; HEX2[4]     ;       ; 3.639 ; 3.639 ;       ;
; SW[1]      ; HEX2[5]     ; 3.686 ;       ;       ; 3.686 ;
; SW[1]      ; HEX2[6]     ; 3.786 ; 3.786 ; 3.786 ; 3.786 ;
; SW[1]      ; LEDG[7]     ; 5.682 ; 5.694 ; 5.694 ; 5.682 ;
; SW[2]      ; HEX0[0]     ; 4.052 ; 4.052 ; 4.052 ; 4.052 ;
; SW[2]      ; HEX0[1]     ; 4.198 ; 4.198 ; 4.198 ; 4.198 ;
; SW[2]      ; HEX0[2]     ; 4.269 ; 4.269 ; 4.269 ; 4.269 ;
; SW[2]      ; HEX0[3]     ; 4.334 ; 4.334 ; 4.334 ; 4.334 ;
; SW[2]      ; HEX0[4]     ; 4.294 ; 4.294 ; 4.294 ; 4.294 ;
; SW[2]      ; HEX0[5]     ; 4.290 ; 4.290 ; 4.290 ; 4.290 ;
; SW[2]      ; HEX0[6]     ; 4.292 ; 4.292 ; 4.292 ; 4.292 ;
; SW[2]      ; HEX1[0]     ; 4.125 ; 4.125 ; 4.125 ; 4.125 ;
; SW[2]      ; HEX1[3]     ; 4.105 ; 4.105 ; 4.105 ; 4.105 ;
; SW[2]      ; HEX1[4]     ; 4.115 ; 4.115 ; 4.115 ; 4.115 ;
; SW[2]      ; HEX1[5]     ; 4.140 ; 4.140 ; 4.140 ; 4.140 ;
; SW[2]      ; HEX2[0]     ; 3.488 ; 3.488 ; 3.488 ; 3.488 ;
; SW[2]      ; HEX2[1]     ; 3.432 ;       ;       ; 3.432 ;
; SW[2]      ; HEX2[2]     ;       ; 3.452 ; 3.452 ;       ;
; SW[2]      ; HEX2[3]     ; 3.453 ; 3.453 ; 3.453 ; 3.453 ;
; SW[2]      ; HEX2[4]     ; 3.506 ; 3.506 ; 3.506 ; 3.506 ;
; SW[2]      ; HEX2[5]     ;       ; 3.547 ; 3.547 ;       ;
; SW[2]      ; HEX2[6]     ; 3.646 ; 3.646 ; 3.646 ; 3.646 ;
; SW[2]      ; LEDG[7]     ; 5.598 ; 5.598 ; 5.598 ; 5.598 ;
; SW[3]      ; HEX0[0]     ; 3.790 ; 3.790 ; 3.790 ; 3.790 ;
; SW[3]      ; HEX0[1]     ; 4.061 ; 4.061 ; 4.061 ; 4.061 ;
; SW[3]      ; HEX0[2]     ; 4.132 ; 4.132 ; 4.132 ; 4.132 ;
; SW[3]      ; HEX0[3]     ; 4.132 ; 4.132 ; 4.132 ; 4.132 ;
; SW[3]      ; HEX0[4]     ; 4.157 ; 4.157 ; 4.157 ; 4.157 ;
; SW[3]      ; HEX0[5]     ; 4.153 ; 4.153 ; 4.153 ; 4.153 ;
; SW[3]      ; HEX0[6]     ; 4.155 ; 4.155 ; 4.155 ; 4.155 ;
; SW[3]      ; HEX1[0]     ; 3.988 ; 3.988 ; 3.988 ; 3.988 ;
; SW[3]      ; HEX1[3]     ; 3.968 ; 3.968 ; 3.968 ; 3.968 ;
; SW[3]      ; HEX1[4]     ; 3.978 ; 3.978 ; 3.978 ; 3.978 ;
; SW[3]      ; HEX1[5]     ; 4.003 ; 4.003 ; 4.003 ; 4.003 ;
; SW[3]      ; HEX2[0]     ;       ; 3.503 ; 3.503 ;       ;
; SW[3]      ; HEX2[1]     ;       ; 3.430 ; 3.430 ;       ;
; SW[3]      ; HEX2[2]     ;       ; 3.475 ; 3.475 ;       ;
; SW[3]      ; HEX2[3]     ;       ; 3.469 ; 3.469 ;       ;
; SW[3]      ; HEX2[4]     ;       ; 3.528 ; 3.528 ;       ;
; SW[3]      ; HEX2[5]     ;       ; 3.572 ; 3.572 ;       ;
; SW[3]      ; HEX2[6]     ;       ; 3.672 ; 3.672 ;       ;
; SW[3]      ; LEDG[7]     ; 5.391 ; 5.391 ; 5.391 ; 5.391 ;
; SW[4]      ; HEX0[0]     ; 3.801 ; 3.801 ; 3.801 ; 3.801 ;
; SW[4]      ; HEX0[1]     ; 3.695 ; 3.695 ; 3.695 ; 3.695 ;
; SW[4]      ; HEX0[2]     ; 3.948 ; 3.948 ; 3.948 ; 3.948 ;
; SW[4]      ; HEX0[3]     ; 3.955 ; 3.955 ; 3.955 ; 3.955 ;
; SW[4]      ; HEX0[4]     ; 3.968 ; 3.968 ; 3.968 ; 3.968 ;
; SW[4]      ; HEX0[5]     ; 3.965 ; 3.965 ; 3.965 ; 3.965 ;
; SW[4]      ; HEX0[6]     ; 3.968 ; 3.968 ; 3.968 ; 3.968 ;
; SW[4]      ; HEX1[0]     ; 4.057 ; 4.057 ; 4.057 ; 4.057 ;
; SW[4]      ; HEX1[3]     ; 4.037 ; 4.037 ; 4.037 ; 4.037 ;
; SW[4]      ; HEX1[4]     ; 4.047 ; 4.047 ; 4.047 ; 4.047 ;
; SW[4]      ; HEX1[5]     ; 4.072 ; 4.072 ; 4.072 ; 4.072 ;
; SW[4]      ; HEX3[0]     ; 3.414 ; 3.414 ; 3.414 ; 3.414 ;
; SW[4]      ; HEX3[1]     ; 3.685 ; 3.685 ; 3.685 ; 3.685 ;
; SW[4]      ; HEX3[2]     ;       ; 3.684 ; 3.684 ;       ;
; SW[4]      ; HEX3[3]     ; 3.371 ; 3.371 ; 3.371 ; 3.371 ;
; SW[4]      ; HEX3[4]     ; 3.247 ;       ;       ; 3.247 ;
; SW[4]      ; HEX3[5]     ; 3.422 ;       ;       ; 3.422 ;
; SW[4]      ; HEX3[6]     ; 3.564 ;       ;       ; 3.564 ;
; SW[4]      ; LEDG[7]     ; 5.585 ; 5.597 ; 5.597 ; 5.585 ;
; SW[5]      ; HEX0[0]     ; 3.634 ; 3.634 ; 3.634 ; 3.634 ;
; SW[5]      ; HEX0[1]     ; 3.905 ; 3.905 ; 3.905 ; 3.905 ;
; SW[5]      ; HEX0[2]     ; 3.977 ; 3.977 ; 3.977 ; 3.977 ;
; SW[5]      ; HEX0[3]     ; 3.976 ; 3.976 ; 3.976 ; 3.976 ;
; SW[5]      ; HEX0[4]     ; 4.002 ; 4.002 ; 4.002 ; 4.002 ;
; SW[5]      ; HEX0[5]     ; 3.998 ; 3.998 ; 3.998 ; 3.998 ;
; SW[5]      ; HEX0[6]     ; 4.000 ; 4.000 ; 4.000 ; 4.000 ;
; SW[5]      ; HEX1[0]     ; 3.832 ; 3.832 ; 3.832 ; 3.832 ;
; SW[5]      ; HEX1[3]     ; 3.812 ; 3.812 ; 3.812 ; 3.812 ;
; SW[5]      ; HEX1[4]     ; 3.822 ; 3.822 ; 3.822 ; 3.822 ;
; SW[5]      ; HEX1[5]     ; 3.847 ; 3.847 ; 3.847 ; 3.847 ;
; SW[5]      ; HEX3[0]     ;       ; 3.479 ; 3.479 ;       ;
; SW[5]      ; HEX3[1]     ; 3.750 ; 3.750 ; 3.750 ; 3.750 ;
; SW[5]      ; HEX3[2]     ; 3.754 ;       ;       ; 3.754 ;
; SW[5]      ; HEX3[3]     ; 3.448 ; 3.448 ; 3.448 ; 3.448 ;
; SW[5]      ; HEX3[4]     ;       ; 3.322 ; 3.322 ;       ;
; SW[5]      ; HEX3[5]     ; 3.490 ;       ;       ; 3.490 ;
; SW[5]      ; HEX3[6]     ; 3.633 ; 3.633 ; 3.633 ; 3.633 ;
; SW[5]      ; LEDG[7]     ; 5.463 ; 5.475 ; 5.475 ; 5.463 ;
; SW[6]      ; HEX0[0]     ; 3.832 ; 3.832 ; 3.832 ; 3.832 ;
; SW[6]      ; HEX0[1]     ; 3.976 ; 3.976 ; 3.976 ; 3.976 ;
; SW[6]      ; HEX0[2]     ; 4.047 ; 4.047 ; 4.047 ; 4.047 ;
; SW[6]      ; HEX0[3]     ; 4.112 ; 4.112 ; 4.112 ; 4.112 ;
; SW[6]      ; HEX0[4]     ; 4.072 ; 4.072 ; 4.072 ; 4.072 ;
; SW[6]      ; HEX0[5]     ; 4.068 ; 4.068 ; 4.068 ; 4.068 ;
; SW[6]      ; HEX0[6]     ; 4.070 ; 4.070 ; 4.070 ; 4.070 ;
; SW[6]      ; HEX1[0]     ; 3.903 ; 3.903 ; 3.903 ; 3.903 ;
; SW[6]      ; HEX1[3]     ; 3.883 ; 3.883 ; 3.883 ; 3.883 ;
; SW[6]      ; HEX1[4]     ; 3.893 ; 3.893 ; 3.893 ; 3.893 ;
; SW[6]      ; HEX1[5]     ; 3.918 ; 3.918 ; 3.918 ; 3.918 ;
; SW[6]      ; HEX3[0]     ; 3.448 ; 3.448 ; 3.448 ; 3.448 ;
; SW[6]      ; HEX3[1]     ; 3.719 ;       ;       ; 3.719 ;
; SW[6]      ; HEX3[2]     ;       ; 3.720 ; 3.720 ;       ;
; SW[6]      ; HEX3[3]     ; 3.415 ; 3.415 ; 3.415 ; 3.415 ;
; SW[6]      ; HEX3[4]     ; 3.290 ; 3.290 ; 3.290 ; 3.290 ;
; SW[6]      ; HEX3[5]     ;       ; 3.458 ; 3.458 ;       ;
; SW[6]      ; HEX3[6]     ; 3.602 ; 3.602 ; 3.602 ; 3.602 ;
; SW[6]      ; LEDG[7]     ; 5.376 ; 5.376 ; 5.376 ; 5.376 ;
; SW[7]      ; HEX0[0]     ; 3.305 ; 3.305 ; 3.305 ; 3.305 ;
; SW[7]      ; HEX0[1]     ; 3.576 ; 3.576 ; 3.576 ; 3.576 ;
; SW[7]      ; HEX0[2]     ; 3.647 ; 3.647 ; 3.647 ; 3.647 ;
; SW[7]      ; HEX0[3]     ; 3.647 ; 3.647 ; 3.647 ; 3.647 ;
; SW[7]      ; HEX0[4]     ; 3.672 ; 3.672 ; 3.672 ; 3.672 ;
; SW[7]      ; HEX0[5]     ; 3.668 ; 3.668 ; 3.668 ; 3.668 ;
; SW[7]      ; HEX0[6]     ; 3.670 ; 3.670 ; 3.670 ; 3.670 ;
; SW[7]      ; HEX1[0]     ; 3.503 ; 3.503 ; 3.503 ; 3.503 ;
; SW[7]      ; HEX1[3]     ; 3.483 ; 3.483 ; 3.483 ; 3.483 ;
; SW[7]      ; HEX1[4]     ; 3.493 ; 3.493 ; 3.493 ; 3.493 ;
; SW[7]      ; HEX1[5]     ; 3.518 ; 3.518 ; 3.518 ; 3.518 ;
; SW[7]      ; HEX3[0]     ;       ; 3.038 ; 3.038 ;       ;
; SW[7]      ; HEX3[1]     ;       ; 3.309 ; 3.309 ;       ;
; SW[7]      ; HEX3[2]     ;       ; 3.314 ; 3.314 ;       ;
; SW[7]      ; HEX3[3]     ;       ; 3.002 ; 3.002 ;       ;
; SW[7]      ; HEX3[4]     ;       ; 2.877 ; 2.877 ;       ;
; SW[7]      ; HEX3[5]     ;       ; 3.045 ; 3.045 ;       ;
; SW[7]      ; HEX3[6]     ;       ; 3.187 ; 3.187 ;       ;
; SW[7]      ; LEDG[7]     ; 4.906 ; 4.906 ; 4.906 ; 4.906 ;
; SW[8]      ; HEX0[0]     ; 3.395 ; 3.395 ; 3.395 ; 3.395 ;
; SW[8]      ; HEX0[1]     ; 3.336 ; 3.336 ; 3.336 ; 3.336 ;
; SW[8]      ; HEX0[2]     ; 3.589 ; 3.589 ; 3.589 ; 3.589 ;
; SW[8]      ; HEX0[3]     ; 3.596 ; 3.596 ; 3.596 ; 3.596 ;
; SW[8]      ; HEX0[4]     ; 3.609 ; 3.609 ; 3.609 ; 3.609 ;
; SW[8]      ; HEX0[5]     ; 3.606 ; 3.606 ; 3.606 ; 3.606 ;
; SW[8]      ; HEX0[6]     ; 3.609 ; 3.609 ; 3.609 ; 3.609 ;
; SW[8]      ; HEX1[0]     ; 3.593 ; 3.593 ; 3.593 ; 3.593 ;
; SW[8]      ; HEX1[3]     ; 3.573 ; 3.573 ; 3.573 ; 3.573 ;
; SW[8]      ; HEX1[4]     ; 3.583 ; 3.583 ; 3.583 ; 3.583 ;
; SW[8]      ; HEX1[5]     ; 3.608 ; 3.608 ; 3.608 ; 3.608 ;
; SW[8]      ; LEDG[7]     ; 5.121 ; 5.133 ; 5.133 ; 5.121 ;
+------------+-------------+-------+-------+-------+-------+


+----------------------------------------------------------------------------+
; Multicorner Timing Analysis Summary                                        ;
+------------------+-------+------+----------+---------+---------------------+
; Clock            ; Setup ; Hold ; Recovery ; Removal ; Minimum Pulse Width ;
+------------------+-------+------+----------+---------+---------------------+
; Worst-case Slack ; N/A   ; N/A  ; N/A      ; N/A     ; N/A                 ;
; Design-wide TNS  ; 0.0   ; 0.0  ; 0.0      ; 0.0     ; 0.0                 ;
+------------------+-------+------+----------+---------+---------------------+


+--------------------------------------------------------------+
; Progagation Delay                                            ;
+------------+-------------+--------+--------+--------+--------+
; Input Port ; Output Port ; RR     ; RF     ; FR     ; FF     ;
+------------+-------------+--------+--------+--------+--------+
; SW[0]      ; HEX0[0]     ; 9.750  ; 9.750  ; 9.750  ; 9.750  ;
; SW[0]      ; HEX0[1]     ; 10.252 ; 10.252 ; 10.252 ; 10.252 ;
; SW[0]      ; HEX0[2]     ; 10.491 ; 10.491 ; 10.491 ; 10.491 ;
; SW[0]      ; HEX0[3]     ; 10.601 ; 10.601 ; 10.601 ; 10.601 ;
; SW[0]      ; HEX0[4]     ; 10.589 ; 10.589 ; 10.589 ; 10.589 ;
; SW[0]      ; HEX0[5]     ; 10.584 ; 10.584 ; 10.584 ; 10.584 ;
; SW[0]      ; HEX0[6]     ; 10.587 ; 10.587 ; 10.587 ; 10.587 ;
; SW[0]      ; HEX1[0]     ; 9.763  ; 9.763  ; 9.763  ; 9.763  ;
; SW[0]      ; HEX1[3]     ; 9.745  ; 9.745  ; 9.745  ; 9.745  ;
; SW[0]      ; HEX1[4]     ; 9.755  ; 9.755  ; 9.755  ; 9.755  ;
; SW[0]      ; HEX1[5]     ; 9.781  ; 9.781  ; 9.781  ; 9.781  ;
; SW[0]      ; HEX2[0]     ; 7.681  ; 7.681  ; 7.681  ; 7.681  ;
; SW[0]      ; HEX2[1]     ; 7.465  ; 7.465  ; 7.465  ; 7.465  ;
; SW[0]      ; HEX2[2]     ;        ; 7.505  ; 7.505  ;        ;
; SW[0]      ; HEX2[3]     ; 7.502  ; 7.502  ; 7.502  ; 7.502  ;
; SW[0]      ; HEX2[4]     ; 7.713  ;        ;        ; 7.713  ;
; SW[0]      ; HEX2[5]     ; 7.818  ;        ;        ; 7.818  ;
; SW[0]      ; HEX2[6]     ; 8.075  ;        ;        ; 8.075  ;
; SW[0]      ; LEDG[7]     ; 13.446 ; 13.446 ; 13.446 ; 13.446 ;
; SW[1]      ; HEX0[0]     ; 9.680  ; 9.680  ; 9.680  ; 9.680  ;
; SW[1]      ; HEX0[1]     ; 10.182 ; 10.182 ; 10.182 ; 10.182 ;
; SW[1]      ; HEX0[2]     ; 10.421 ; 10.421 ; 10.421 ; 10.421 ;
; SW[1]      ; HEX0[3]     ; 10.531 ; 10.531 ; 10.531 ; 10.531 ;
; SW[1]      ; HEX0[4]     ; 10.519 ; 10.519 ; 10.519 ; 10.519 ;
; SW[1]      ; HEX0[5]     ; 10.514 ; 10.514 ; 10.514 ; 10.514 ;
; SW[1]      ; HEX0[6]     ; 10.517 ; 10.517 ; 10.517 ; 10.517 ;
; SW[1]      ; HEX1[0]     ; 9.693  ; 9.693  ; 9.693  ; 9.693  ;
; SW[1]      ; HEX1[3]     ; 9.675  ; 9.675  ; 9.675  ; 9.675  ;
; SW[1]      ; HEX1[4]     ; 9.685  ; 9.685  ; 9.685  ; 9.685  ;
; SW[1]      ; HEX1[5]     ; 9.711  ; 9.711  ; 9.711  ; 9.711  ;
; SW[1]      ; HEX2[0]     ;        ; 7.933  ; 7.933  ;        ;
; SW[1]      ; HEX2[1]     ; 7.709  ; 7.709  ; 7.709  ; 7.709  ;
; SW[1]      ; HEX2[2]     ; 7.748  ;        ;        ; 7.748  ;
; SW[1]      ; HEX2[3]     ; 7.717  ; 7.717  ; 7.717  ; 7.717  ;
; SW[1]      ; HEX2[4]     ;        ; 7.948  ; 7.948  ;        ;
; SW[1]      ; HEX2[5]     ; 8.054  ;        ;        ; 8.054  ;
; SW[1]      ; HEX2[6]     ; 8.278  ; 8.278  ; 8.278  ; 8.278  ;
; SW[1]      ; LEDG[7]     ; 13.376 ; 13.376 ; 13.376 ; 13.376 ;
; SW[2]      ; HEX0[0]     ; 9.198  ; 9.281  ; 9.281  ; 9.198  ;
; SW[2]      ; HEX0[1]     ; 10.057 ; 10.057 ; 10.057 ; 10.057 ;
; SW[2]      ; HEX0[2]     ; 10.296 ; 10.296 ; 10.296 ; 10.296 ;
; SW[2]      ; HEX0[3]     ; 10.406 ; 10.406 ; 10.406 ; 10.406 ;
; SW[2]      ; HEX0[4]     ; 10.394 ; 10.394 ; 10.394 ; 10.394 ;
; SW[2]      ; HEX0[5]     ; 10.389 ; 10.389 ; 10.389 ; 10.389 ;
; SW[2]      ; HEX0[6]     ; 10.392 ; 10.392 ; 10.392 ; 10.392 ;
; SW[2]      ; HEX1[0]     ; 9.568  ; 9.568  ; 9.568  ; 9.568  ;
; SW[2]      ; HEX1[3]     ; 9.550  ; 9.550  ; 9.550  ; 9.550  ;
; SW[2]      ; HEX1[4]     ; 9.560  ; 9.560  ; 9.560  ; 9.560  ;
; SW[2]      ; HEX1[5]     ; 9.586  ; 9.586  ; 9.586  ; 9.586  ;
; SW[2]      ; HEX2[0]     ; 7.484  ; 7.484  ; 7.484  ; 7.484  ;
; SW[2]      ; HEX2[1]     ; 7.261  ;        ;        ; 7.261  ;
; SW[2]      ; HEX2[2]     ;        ; 7.300  ; 7.300  ;        ;
; SW[2]      ; HEX2[3]     ; 7.302  ; 7.302  ; 7.302  ; 7.302  ;
; SW[2]      ; HEX2[4]     ; 7.502  ; 7.502  ; 7.502  ; 7.502  ;
; SW[2]      ; HEX2[5]     ;        ; 7.608  ; 7.608  ;        ;
; SW[2]      ; HEX2[6]     ; 7.864  ; 7.864  ; 7.864  ; 7.864  ;
; SW[2]      ; LEDG[7]     ; 13.117 ; 13.117 ; 13.117 ; 13.117 ;
; SW[3]      ; HEX0[0]     ; 8.393  ; 8.869  ; 8.869  ; 8.393  ;
; SW[3]      ; HEX0[1]     ; 9.381  ; 9.381  ; 9.381  ; 9.381  ;
; SW[3]      ; HEX0[2]     ; 9.620  ; 9.620  ; 9.620  ; 9.620  ;
; SW[3]      ; HEX0[3]     ; 9.730  ; 9.730  ; 9.730  ; 9.730  ;
; SW[3]      ; HEX0[4]     ; 9.718  ; 9.718  ; 9.718  ; 9.718  ;
; SW[3]      ; HEX0[5]     ; 9.713  ; 9.713  ; 9.713  ; 9.713  ;
; SW[3]      ; HEX0[6]     ; 9.716  ; 9.716  ; 9.716  ; 9.716  ;
; SW[3]      ; HEX1[0]     ; 8.892  ; 8.805  ; 8.805  ; 8.892  ;
; SW[3]      ; HEX1[3]     ; 8.874  ; 8.787  ; 8.787  ; 8.874  ;
; SW[3]      ; HEX1[4]     ; 8.884  ; 8.797  ; 8.797  ; 8.884  ;
; SW[3]      ; HEX1[5]     ; 8.910  ; 8.823  ; 8.823  ; 8.910  ;
; SW[3]      ; HEX2[0]     ;        ; 7.523  ; 7.523  ;        ;
; SW[3]      ; HEX2[1]     ;        ; 7.305  ; 7.305  ;        ;
; SW[3]      ; HEX2[2]     ;        ; 7.282  ; 7.282  ;        ;
; SW[3]      ; HEX2[3]     ;        ; 7.272  ; 7.272  ;        ;
; SW[3]      ; HEX2[4]     ;        ; 7.545  ; 7.545  ;        ;
; SW[3]      ; HEX2[5]     ;        ; 7.595  ; 7.595  ;        ;
; SW[3]      ; HEX2[6]     ;        ; 7.842  ; 7.842  ;        ;
; SW[3]      ; LEDG[7]     ; 12.643 ; 12.354 ; 12.354 ; 12.643 ;
; SW[4]      ; HEX0[0]     ; 9.393  ; 9.393  ; 9.393  ; 9.393  ;
; SW[4]      ; HEX0[1]     ; 9.895  ; 9.895  ; 9.895  ; 9.895  ;
; SW[4]      ; HEX0[2]     ; 10.134 ; 10.134 ; 10.134 ; 10.134 ;
; SW[4]      ; HEX0[3]     ; 10.244 ; 10.244 ; 10.244 ; 10.244 ;
; SW[4]      ; HEX0[4]     ; 10.232 ; 10.232 ; 10.232 ; 10.232 ;
; SW[4]      ; HEX0[5]     ; 10.227 ; 10.227 ; 10.227 ; 10.227 ;
; SW[4]      ; HEX0[6]     ; 10.230 ; 10.230 ; 10.230 ; 10.230 ;
; SW[4]      ; HEX1[0]     ; 9.406  ; 9.406  ; 9.406  ; 9.406  ;
; SW[4]      ; HEX1[3]     ; 9.388  ; 9.388  ; 9.388  ; 9.388  ;
; SW[4]      ; HEX1[4]     ; 9.398  ; 9.398  ; 9.398  ; 9.398  ;
; SW[4]      ; HEX1[5]     ; 9.424  ; 9.424  ; 9.424  ; 9.424  ;
; SW[4]      ; HEX3[0]     ; 7.253  ; 7.253  ; 7.253  ; 7.253  ;
; SW[4]      ; HEX3[1]     ; 7.772  ; 7.772  ; 7.772  ; 7.772  ;
; SW[4]      ; HEX3[2]     ;        ; 7.774  ; 7.774  ;        ;
; SW[4]      ; HEX3[3]     ; 7.191  ; 7.191  ; 7.191  ; 7.191  ;
; SW[4]      ; HEX3[4]     ; 6.867  ;        ;        ; 6.867  ;
; SW[4]      ; HEX3[5]     ; 7.258  ;        ;        ; 7.258  ;
; SW[4]      ; HEX3[6]     ; 7.611  ;        ;        ; 7.611  ;
; SW[4]      ; LEDG[7]     ; 13.089 ; 13.089 ; 13.089 ; 13.089 ;
; SW[5]      ; HEX0[0]     ; 9.131  ; 9.131  ; 9.131  ; 9.131  ;
; SW[5]      ; HEX0[1]     ; 9.633  ; 9.633  ; 9.633  ; 9.633  ;
; SW[5]      ; HEX0[2]     ; 9.872  ; 9.872  ; 9.872  ; 9.872  ;
; SW[5]      ; HEX0[3]     ; 9.982  ; 9.982  ; 9.982  ; 9.982  ;
; SW[5]      ; HEX0[4]     ; 9.970  ; 9.970  ; 9.970  ; 9.970  ;
; SW[5]      ; HEX0[5]     ; 9.965  ; 9.965  ; 9.965  ; 9.965  ;
; SW[5]      ; HEX0[6]     ; 9.968  ; 9.968  ; 9.968  ; 9.968  ;
; SW[5]      ; HEX1[0]     ; 9.144  ; 9.144  ; 9.144  ; 9.144  ;
; SW[5]      ; HEX1[3]     ; 9.126  ; 9.126  ; 9.126  ; 9.126  ;
; SW[5]      ; HEX1[4]     ; 9.136  ; 9.136  ; 9.136  ; 9.136  ;
; SW[5]      ; HEX1[5]     ; 9.162  ; 9.162  ; 9.162  ; 9.162  ;
; SW[5]      ; HEX3[0]     ;        ; 7.527  ; 7.527  ;        ;
; SW[5]      ; HEX3[1]     ; 8.046  ; 8.046  ; 8.046  ; 8.046  ;
; SW[5]      ; HEX3[2]     ; 8.043  ;        ;        ; 8.043  ;
; SW[5]      ; HEX3[3]     ; 7.441  ; 7.441  ; 7.441  ; 7.441  ;
; SW[5]      ; HEX3[4]     ;        ; 7.116  ; 7.116  ;        ;
; SW[5]      ; HEX3[5]     ; 7.530  ;        ;        ; 7.530  ;
; SW[5]      ; HEX3[6]     ; 7.852  ; 7.852  ; 7.852  ; 7.852  ;
; SW[5]      ; LEDG[7]     ; 12.827 ; 12.827 ; 12.827 ; 12.827 ;
; SW[6]      ; HEX0[0]     ; 8.727  ; 8.806  ; 8.806  ; 8.727  ;
; SW[6]      ; HEX0[1]     ; 9.582  ; 9.582  ; 9.582  ; 9.582  ;
; SW[6]      ; HEX0[2]     ; 9.821  ; 9.821  ; 9.821  ; 9.821  ;
; SW[6]      ; HEX0[3]     ; 9.931  ; 9.931  ; 9.931  ; 9.931  ;
; SW[6]      ; HEX0[4]     ; 9.919  ; 9.919  ; 9.919  ; 9.919  ;
; SW[6]      ; HEX0[5]     ; 9.914  ; 9.914  ; 9.914  ; 9.914  ;
; SW[6]      ; HEX0[6]     ; 9.917  ; 9.917  ; 9.917  ; 9.917  ;
; SW[6]      ; HEX1[0]     ; 9.093  ; 9.093  ; 9.093  ; 9.093  ;
; SW[6]      ; HEX1[3]     ; 9.075  ; 9.075  ; 9.075  ; 9.075  ;
; SW[6]      ; HEX1[4]     ; 9.085  ; 9.085  ; 9.085  ; 9.085  ;
; SW[6]      ; HEX1[5]     ; 9.111  ; 9.111  ; 9.111  ; 9.111  ;
; SW[6]      ; HEX3[0]     ; 7.399  ; 7.399  ; 7.399  ; 7.399  ;
; SW[6]      ; HEX3[1]     ; 7.922  ;        ;        ; 7.922  ;
; SW[6]      ; HEX3[2]     ;        ; 7.924  ; 7.924  ;        ;
; SW[6]      ; HEX3[3]     ; 7.353  ; 7.353  ; 7.353  ; 7.353  ;
; SW[6]      ; HEX3[4]     ; 7.028  ; 7.028  ; 7.028  ; 7.028  ;
; SW[6]      ; HEX3[5]     ;        ; 7.411  ; 7.411  ;        ;
; SW[6]      ; HEX3[6]     ; 7.765  ; 7.765  ; 7.765  ; 7.765  ;
; SW[6]      ; LEDG[7]     ; 12.642 ; 12.642 ; 12.642 ; 12.642 ;
; SW[7]      ; HEX0[0]     ; 7.357  ; 7.834  ; 7.834  ; 7.357  ;
; SW[7]      ; HEX0[1]     ; 8.346  ; 8.346  ; 8.346  ; 8.346  ;
; SW[7]      ; HEX0[2]     ; 8.585  ; 8.585  ; 8.585  ; 8.585  ;
; SW[7]      ; HEX0[3]     ; 8.695  ; 8.695  ; 8.695  ; 8.695  ;
; SW[7]      ; HEX0[4]     ; 8.683  ; 8.683  ; 8.683  ; 8.683  ;
; SW[7]      ; HEX0[5]     ; 8.678  ; 8.678  ; 8.678  ; 8.678  ;
; SW[7]      ; HEX0[6]     ; 8.681  ; 8.681  ; 8.681  ; 8.681  ;
; SW[7]      ; HEX1[0]     ; 7.857  ; 7.769  ; 7.769  ; 7.857  ;
; SW[7]      ; HEX1[3]     ; 7.839  ; 7.751  ; 7.751  ; 7.839  ;
; SW[7]      ; HEX1[4]     ; 7.849  ; 7.761  ; 7.761  ; 7.849  ;
; SW[7]      ; HEX1[5]     ; 7.875  ; 7.787  ; 7.787  ; 7.875  ;
; SW[7]      ; HEX3[0]     ;        ; 6.477  ; 6.477  ;        ;
; SW[7]      ; HEX3[1]     ;        ; 6.997  ; 6.997  ;        ;
; SW[7]      ; HEX3[2]     ;        ; 6.909  ; 6.909  ;        ;
; SW[7]      ; HEX3[3]     ;        ; 6.334  ; 6.334  ;        ;
; SW[7]      ; HEX3[4]     ;        ; 6.061  ; 6.061  ;        ;
; SW[7]      ; HEX3[5]     ;        ; 6.393  ; 6.393  ;        ;
; SW[7]      ; HEX3[6]     ;        ; 6.745  ; 6.745  ;        ;
; SW[7]      ; LEDG[7]     ; 11.608 ; 11.318 ; 11.318 ; 11.608 ;
; SW[8]      ; HEX0[0]     ; 8.410  ; 8.410  ; 8.410  ; 8.410  ;
; SW[8]      ; HEX0[1]     ; 8.912  ; 8.912  ; 8.912  ; 8.912  ;
; SW[8]      ; HEX0[2]     ; 9.151  ; 9.151  ; 9.151  ; 9.151  ;
; SW[8]      ; HEX0[3]     ; 9.261  ; 9.261  ; 9.261  ; 9.261  ;
; SW[8]      ; HEX0[4]     ; 9.249  ; 9.249  ; 9.249  ; 9.249  ;
; SW[8]      ; HEX0[5]     ; 9.244  ; 9.244  ; 9.244  ; 9.244  ;
; SW[8]      ; HEX0[6]     ; 9.247  ; 9.247  ; 9.247  ; 9.247  ;
; SW[8]      ; HEX1[0]     ; 8.423  ; 8.423  ; 8.423  ; 8.423  ;
; SW[8]      ; HEX1[3]     ; 8.405  ; 8.405  ; 8.405  ; 8.405  ;
; SW[8]      ; HEX1[4]     ; 8.415  ; 8.415  ; 8.415  ; 8.415  ;
; SW[8]      ; HEX1[5]     ; 8.441  ; 8.441  ; 8.441  ; 8.441  ;
; SW[8]      ; LEDG[7]     ; 12.106 ; 12.106 ; 12.106 ; 12.106 ;
+------------+-------------+--------+--------+--------+--------+


+----------------------------------------------------------+
; Minimum Progagation Delay                                ;
+------------+-------------+-------+-------+-------+-------+
; Input Port ; Output Port ; RR    ; RF    ; FR    ; FF    ;
+------------+-------------+-------+-------+-------+-------+
; SW[0]      ; HEX0[0]     ; 3.944 ; 3.944 ; 3.944 ; 3.944 ;
; SW[0]      ; HEX0[1]     ; 3.838 ; 3.838 ; 3.838 ; 3.838 ;
; SW[0]      ; HEX0[2]     ; 4.091 ; 4.091 ; 4.091 ; 4.091 ;
; SW[0]      ; HEX0[3]     ; 4.098 ; 4.098 ; 4.098 ; 4.098 ;
; SW[0]      ; HEX0[4]     ; 4.111 ; 4.111 ; 4.111 ; 4.111 ;
; SW[0]      ; HEX0[5]     ; 4.108 ; 4.108 ; 4.108 ; 4.108 ;
; SW[0]      ; HEX0[6]     ; 4.111 ; 4.111 ; 4.111 ; 4.111 ;
; SW[0]      ; HEX1[0]     ; 4.198 ; 4.198 ; 4.198 ; 4.198 ;
; SW[0]      ; HEX1[3]     ; 4.178 ; 4.178 ; 4.178 ; 4.178 ;
; SW[0]      ; HEX1[4]     ; 4.188 ; 4.188 ; 4.188 ; 4.188 ;
; SW[0]      ; HEX1[5]     ; 4.213 ; 4.213 ; 4.213 ; 4.213 ;
; SW[0]      ; HEX2[0]     ; 3.545 ; 3.545 ; 3.545 ; 3.545 ;
; SW[0]      ; HEX2[1]     ; 3.473 ; 3.473 ; 3.473 ; 3.473 ;
; SW[0]      ; HEX2[2]     ;       ; 3.516 ; 3.516 ;       ;
; SW[0]      ; HEX2[3]     ; 3.511 ; 3.511 ; 3.511 ; 3.511 ;
; SW[0]      ; HEX2[4]     ; 3.573 ;       ;       ; 3.573 ;
; SW[0]      ; HEX2[5]     ; 3.616 ;       ;       ; 3.616 ;
; SW[0]      ; HEX2[6]     ; 3.716 ;       ;       ; 3.716 ;
; SW[0]      ; LEDG[7]     ; 5.726 ; 5.738 ; 5.738 ; 5.726 ;
; SW[1]      ; HEX0[0]     ; 3.851 ; 3.851 ; 3.851 ; 3.851 ;
; SW[1]      ; HEX0[1]     ; 4.122 ; 4.122 ; 4.122 ; 4.122 ;
; SW[1]      ; HEX0[2]     ; 4.194 ; 4.194 ; 4.194 ; 4.194 ;
; SW[1]      ; HEX0[3]     ; 4.193 ; 4.193 ; 4.193 ; 4.193 ;
; SW[1]      ; HEX0[4]     ; 4.219 ; 4.219 ; 4.219 ; 4.219 ;
; SW[1]      ; HEX0[5]     ; 4.215 ; 4.215 ; 4.215 ; 4.215 ;
; SW[1]      ; HEX0[6]     ; 4.217 ; 4.217 ; 4.217 ; 4.217 ;
; SW[1]      ; HEX1[0]     ; 4.049 ; 4.049 ; 4.049 ; 4.049 ;
; SW[1]      ; HEX1[3]     ; 4.029 ; 4.029 ; 4.029 ; 4.029 ;
; SW[1]      ; HEX1[4]     ; 4.039 ; 4.039 ; 4.039 ; 4.039 ;
; SW[1]      ; HEX1[5]     ; 4.064 ; 4.064 ; 4.064 ; 4.064 ;
; SW[1]      ; HEX2[0]     ;       ; 3.622 ; 3.622 ;       ;
; SW[1]      ; HEX2[1]     ; 3.547 ; 3.547 ; 3.547 ; 3.547 ;
; SW[1]      ; HEX2[2]     ; 3.594 ;       ;       ; 3.594 ;
; SW[1]      ; HEX2[3]     ; 3.587 ; 3.587 ; 3.587 ; 3.587 ;
; SW[1]      ; HEX2[4]     ;       ; 3.639 ; 3.639 ;       ;
; SW[1]      ; HEX2[5]     ; 3.686 ;       ;       ; 3.686 ;
; SW[1]      ; HEX2[6]     ; 3.786 ; 3.786 ; 3.786 ; 3.786 ;
; SW[1]      ; LEDG[7]     ; 5.682 ; 5.694 ; 5.694 ; 5.682 ;
; SW[2]      ; HEX0[0]     ; 4.052 ; 4.052 ; 4.052 ; 4.052 ;
; SW[2]      ; HEX0[1]     ; 4.198 ; 4.198 ; 4.198 ; 4.198 ;
; SW[2]      ; HEX0[2]     ; 4.269 ; 4.269 ; 4.269 ; 4.269 ;
; SW[2]      ; HEX0[3]     ; 4.334 ; 4.334 ; 4.334 ; 4.334 ;
; SW[2]      ; HEX0[4]     ; 4.294 ; 4.294 ; 4.294 ; 4.294 ;
; SW[2]      ; HEX0[5]     ; 4.290 ; 4.290 ; 4.290 ; 4.290 ;
; SW[2]      ; HEX0[6]     ; 4.292 ; 4.292 ; 4.292 ; 4.292 ;
; SW[2]      ; HEX1[0]     ; 4.125 ; 4.125 ; 4.125 ; 4.125 ;
; SW[2]      ; HEX1[3]     ; 4.105 ; 4.105 ; 4.105 ; 4.105 ;
; SW[2]      ; HEX1[4]     ; 4.115 ; 4.115 ; 4.115 ; 4.115 ;
; SW[2]      ; HEX1[5]     ; 4.140 ; 4.140 ; 4.140 ; 4.140 ;
; SW[2]      ; HEX2[0]     ; 3.488 ; 3.488 ; 3.488 ; 3.488 ;
; SW[2]      ; HEX2[1]     ; 3.432 ;       ;       ; 3.432 ;
; SW[2]      ; HEX2[2]     ;       ; 3.452 ; 3.452 ;       ;
; SW[2]      ; HEX2[3]     ; 3.453 ; 3.453 ; 3.453 ; 3.453 ;
; SW[2]      ; HEX2[4]     ; 3.506 ; 3.506 ; 3.506 ; 3.506 ;
; SW[2]      ; HEX2[5]     ;       ; 3.547 ; 3.547 ;       ;
; SW[2]      ; HEX2[6]     ; 3.646 ; 3.646 ; 3.646 ; 3.646 ;
; SW[2]      ; LEDG[7]     ; 5.598 ; 5.598 ; 5.598 ; 5.598 ;
; SW[3]      ; HEX0[0]     ; 3.790 ; 3.790 ; 3.790 ; 3.790 ;
; SW[3]      ; HEX0[1]     ; 4.061 ; 4.061 ; 4.061 ; 4.061 ;
; SW[3]      ; HEX0[2]     ; 4.132 ; 4.132 ; 4.132 ; 4.132 ;
; SW[3]      ; HEX0[3]     ; 4.132 ; 4.132 ; 4.132 ; 4.132 ;
; SW[3]      ; HEX0[4]     ; 4.157 ; 4.157 ; 4.157 ; 4.157 ;
; SW[3]      ; HEX0[5]     ; 4.153 ; 4.153 ; 4.153 ; 4.153 ;
; SW[3]      ; HEX0[6]     ; 4.155 ; 4.155 ; 4.155 ; 4.155 ;
; SW[3]      ; HEX1[0]     ; 3.988 ; 3.988 ; 3.988 ; 3.988 ;
; SW[3]      ; HEX1[3]     ; 3.968 ; 3.968 ; 3.968 ; 3.968 ;
; SW[3]      ; HEX1[4]     ; 3.978 ; 3.978 ; 3.978 ; 3.978 ;
; SW[3]      ; HEX1[5]     ; 4.003 ; 4.003 ; 4.003 ; 4.003 ;
; SW[3]      ; HEX2[0]     ;       ; 3.503 ; 3.503 ;       ;
; SW[3]      ; HEX2[1]     ;       ; 3.430 ; 3.430 ;       ;
; SW[3]      ; HEX2[2]     ;       ; 3.475 ; 3.475 ;       ;
; SW[3]      ; HEX2[3]     ;       ; 3.469 ; 3.469 ;       ;
; SW[3]      ; HEX2[4]     ;       ; 3.528 ; 3.528 ;       ;
; SW[3]      ; HEX2[5]     ;       ; 3.572 ; 3.572 ;       ;
; SW[3]      ; HEX2[6]     ;       ; 3.672 ; 3.672 ;       ;
; SW[3]      ; LEDG[7]     ; 5.391 ; 5.391 ; 5.391 ; 5.391 ;
; SW[4]      ; HEX0[0]     ; 3.801 ; 3.801 ; 3.801 ; 3.801 ;
; SW[4]      ; HEX0[1]     ; 3.695 ; 3.695 ; 3.695 ; 3.695 ;
; SW[4]      ; HEX0[2]     ; 3.948 ; 3.948 ; 3.948 ; 3.948 ;
; SW[4]      ; HEX0[3]     ; 3.955 ; 3.955 ; 3.955 ; 3.955 ;
; SW[4]      ; HEX0[4]     ; 3.968 ; 3.968 ; 3.968 ; 3.968 ;
; SW[4]      ; HEX0[5]     ; 3.965 ; 3.965 ; 3.965 ; 3.965 ;
; SW[4]      ; HEX0[6]     ; 3.968 ; 3.968 ; 3.968 ; 3.968 ;
; SW[4]      ; HEX1[0]     ; 4.057 ; 4.057 ; 4.057 ; 4.057 ;
; SW[4]      ; HEX1[3]     ; 4.037 ; 4.037 ; 4.037 ; 4.037 ;
; SW[4]      ; HEX1[4]     ; 4.047 ; 4.047 ; 4.047 ; 4.047 ;
; SW[4]      ; HEX1[5]     ; 4.072 ; 4.072 ; 4.072 ; 4.072 ;
; SW[4]      ; HEX3[0]     ; 3.414 ; 3.414 ; 3.414 ; 3.414 ;
; SW[4]      ; HEX3[1]     ; 3.685 ; 3.685 ; 3.685 ; 3.685 ;
; SW[4]      ; HEX3[2]     ;       ; 3.684 ; 3.684 ;       ;
; SW[4]      ; HEX3[3]     ; 3.371 ; 3.371 ; 3.371 ; 3.371 ;
; SW[4]      ; HEX3[4]     ; 3.247 ;       ;       ; 3.247 ;
; SW[4]      ; HEX3[5]     ; 3.422 ;       ;       ; 3.422 ;
; SW[4]      ; HEX3[6]     ; 3.564 ;       ;       ; 3.564 ;
; SW[4]      ; LEDG[7]     ; 5.585 ; 5.597 ; 5.597 ; 5.585 ;
; SW[5]      ; HEX0[0]     ; 3.634 ; 3.634 ; 3.634 ; 3.634 ;
; SW[5]      ; HEX0[1]     ; 3.905 ; 3.905 ; 3.905 ; 3.905 ;
; SW[5]      ; HEX0[2]     ; 3.977 ; 3.977 ; 3.977 ; 3.977 ;
; SW[5]      ; HEX0[3]     ; 3.976 ; 3.976 ; 3.976 ; 3.976 ;
; SW[5]      ; HEX0[4]     ; 4.002 ; 4.002 ; 4.002 ; 4.002 ;
; SW[5]      ; HEX0[5]     ; 3.998 ; 3.998 ; 3.998 ; 3.998 ;
; SW[5]      ; HEX0[6]     ; 4.000 ; 4.000 ; 4.000 ; 4.000 ;
; SW[5]      ; HEX1[0]     ; 3.832 ; 3.832 ; 3.832 ; 3.832 ;
; SW[5]      ; HEX1[3]     ; 3.812 ; 3.812 ; 3.812 ; 3.812 ;
; SW[5]      ; HEX1[4]     ; 3.822 ; 3.822 ; 3.822 ; 3.822 ;
; SW[5]      ; HEX1[5]     ; 3.847 ; 3.847 ; 3.847 ; 3.847 ;
; SW[5]      ; HEX3[0]     ;       ; 3.479 ; 3.479 ;       ;
; SW[5]      ; HEX3[1]     ; 3.750 ; 3.750 ; 3.750 ; 3.750 ;
; SW[5]      ; HEX3[2]     ; 3.754 ;       ;       ; 3.754 ;
; SW[5]      ; HEX3[3]     ; 3.448 ; 3.448 ; 3.448 ; 3.448 ;
; SW[5]      ; HEX3[4]     ;       ; 3.322 ; 3.322 ;       ;
; SW[5]      ; HEX3[5]     ; 3.490 ;       ;       ; 3.490 ;
; SW[5]      ; HEX3[6]     ; 3.633 ; 3.633 ; 3.633 ; 3.633 ;
; SW[5]      ; LEDG[7]     ; 5.463 ; 5.475 ; 5.475 ; 5.463 ;
; SW[6]      ; HEX0[0]     ; 3.832 ; 3.832 ; 3.832 ; 3.832 ;
; SW[6]      ; HEX0[1]     ; 3.976 ; 3.976 ; 3.976 ; 3.976 ;
; SW[6]      ; HEX0[2]     ; 4.047 ; 4.047 ; 4.047 ; 4.047 ;
; SW[6]      ; HEX0[3]     ; 4.112 ; 4.112 ; 4.112 ; 4.112 ;
; SW[6]      ; HEX0[4]     ; 4.072 ; 4.072 ; 4.072 ; 4.072 ;
; SW[6]      ; HEX0[5]     ; 4.068 ; 4.068 ; 4.068 ; 4.068 ;
; SW[6]      ; HEX0[6]     ; 4.070 ; 4.070 ; 4.070 ; 4.070 ;
; SW[6]      ; HEX1[0]     ; 3.903 ; 3.903 ; 3.903 ; 3.903 ;
; SW[6]      ; HEX1[3]     ; 3.883 ; 3.883 ; 3.883 ; 3.883 ;
; SW[6]      ; HEX1[4]     ; 3.893 ; 3.893 ; 3.893 ; 3.893 ;
; SW[6]      ; HEX1[5]     ; 3.918 ; 3.918 ; 3.918 ; 3.918 ;
; SW[6]      ; HEX3[0]     ; 3.448 ; 3.448 ; 3.448 ; 3.448 ;
; SW[6]      ; HEX3[1]     ; 3.719 ;       ;       ; 3.719 ;
; SW[6]      ; HEX3[2]     ;       ; 3.720 ; 3.720 ;       ;
; SW[6]      ; HEX3[3]     ; 3.415 ; 3.415 ; 3.415 ; 3.415 ;
; SW[6]      ; HEX3[4]     ; 3.290 ; 3.290 ; 3.290 ; 3.290 ;
; SW[6]      ; HEX3[5]     ;       ; 3.458 ; 3.458 ;       ;
; SW[6]      ; HEX3[6]     ; 3.602 ; 3.602 ; 3.602 ; 3.602 ;
; SW[6]      ; LEDG[7]     ; 5.376 ; 5.376 ; 5.376 ; 5.376 ;
; SW[7]      ; HEX0[0]     ; 3.305 ; 3.305 ; 3.305 ; 3.305 ;
; SW[7]      ; HEX0[1]     ; 3.576 ; 3.576 ; 3.576 ; 3.576 ;
; SW[7]      ; HEX0[2]     ; 3.647 ; 3.647 ; 3.647 ; 3.647 ;
; SW[7]      ; HEX0[3]     ; 3.647 ; 3.647 ; 3.647 ; 3.647 ;
; SW[7]      ; HEX0[4]     ; 3.672 ; 3.672 ; 3.672 ; 3.672 ;
; SW[7]      ; HEX0[5]     ; 3.668 ; 3.668 ; 3.668 ; 3.668 ;
; SW[7]      ; HEX0[6]     ; 3.670 ; 3.670 ; 3.670 ; 3.670 ;
; SW[7]      ; HEX1[0]     ; 3.503 ; 3.503 ; 3.503 ; 3.503 ;
; SW[7]      ; HEX1[3]     ; 3.483 ; 3.483 ; 3.483 ; 3.483 ;
; SW[7]      ; HEX1[4]     ; 3.493 ; 3.493 ; 3.493 ; 3.493 ;
; SW[7]      ; HEX1[5]     ; 3.518 ; 3.518 ; 3.518 ; 3.518 ;
; SW[7]      ; HEX3[0]     ;       ; 3.038 ; 3.038 ;       ;
; SW[7]      ; HEX3[1]     ;       ; 3.309 ; 3.309 ;       ;
; SW[7]      ; HEX3[2]     ;       ; 3.314 ; 3.314 ;       ;
; SW[7]      ; HEX3[3]     ;       ; 3.002 ; 3.002 ;       ;
; SW[7]      ; HEX3[4]     ;       ; 2.877 ; 2.877 ;       ;
; SW[7]      ; HEX3[5]     ;       ; 3.045 ; 3.045 ;       ;
; SW[7]      ; HEX3[6]     ;       ; 3.187 ; 3.187 ;       ;
; SW[7]      ; LEDG[7]     ; 4.906 ; 4.906 ; 4.906 ; 4.906 ;
; SW[8]      ; HEX0[0]     ; 3.395 ; 3.395 ; 3.395 ; 3.395 ;
; SW[8]      ; HEX0[1]     ; 3.336 ; 3.336 ; 3.336 ; 3.336 ;
; SW[8]      ; HEX0[2]     ; 3.589 ; 3.589 ; 3.589 ; 3.589 ;
; SW[8]      ; HEX0[3]     ; 3.596 ; 3.596 ; 3.596 ; 3.596 ;
; SW[8]      ; HEX0[4]     ; 3.609 ; 3.609 ; 3.609 ; 3.609 ;
; SW[8]      ; HEX0[5]     ; 3.606 ; 3.606 ; 3.606 ; 3.606 ;
; SW[8]      ; HEX0[6]     ; 3.609 ; 3.609 ; 3.609 ; 3.609 ;
; SW[8]      ; HEX1[0]     ; 3.593 ; 3.593 ; 3.593 ; 3.593 ;
; SW[8]      ; HEX1[3]     ; 3.573 ; 3.573 ; 3.573 ; 3.573 ;
; SW[8]      ; HEX1[4]     ; 3.583 ; 3.583 ; 3.583 ; 3.583 ;
; SW[8]      ; HEX1[5]     ; 3.608 ; 3.608 ; 3.608 ; 3.608 ;
; SW[8]      ; LEDG[7]     ; 5.121 ; 5.133 ; 5.133 ; 5.121 ;
+------------+-------------+-------+-------+-------+-------+


-------------------
; Clock Transfers ;
-------------------
Nothing to report.


---------------
; Report TCCS ;
---------------
No dedicated SERDES Transmitter circuitry present in device or used in design


---------------
; Report RSKM ;
---------------
No dedicated SERDES Receiver circuitry present in device or used in design


+------------------------------------------------+
; Unconstrained Paths                            ;
+---------------------------------+-------+------+
; Property                        ; Setup ; Hold ;
+---------------------------------+-------+------+
; Illegal Clocks                  ; 0     ; 0    ;
; Unconstrained Clocks            ; 0     ; 0    ;
; Unconstrained Input Ports       ; 9     ; 9    ;
; Unconstrained Input Port Paths  ; 164   ; 164  ;
; Unconstrained Output Ports      ; 26    ; 26   ;
; Unconstrained Output Port Paths ; 164   ; 164  ;
+---------------------------------+-------+------+


+------------------------------------+
; TimeQuest Timing Analyzer Messages ;
+------------------------------------+
Info: *******************************************************************
Info: Running Quartus II 64-Bit TimeQuest Timing Analyzer
    Info: Version 13.0.1 Build 232 06/12/2013 Service Pack 1 SJ Full Version
    Info: Processing started: Thu Oct 03 19:04:58 2019
Info: Command: quartus_sta part5 -c part5
Info: qsta_default_script.tcl version: #1
Info (11104): Parallel Compilation has detected 8 hyper-threaded processors. However, the extra hyper-threaded processors will not be used by default. Parallel Compilation will use 4 of the 4 physical processors detected instead.
Info (21077): Low junction temperature is 0 degrees C
Info (21077): High junction temperature is 85 degrees C
Critical Warning (332012): Synopsys Design Constraints File file not found: 'part5.sdc'. A Synopsys Design Constraints File is required by the TimeQuest Timing Analyzer to get proper timing constraints. Without it, the Compiler will not properly optimize the design.
Info (332142): No user constrained base clocks found in the design. Calling "derive_clocks -period 1.0"
Info (332096): The command derive_clocks did not find any clocks to derive.  No clocks were created or changed.
Warning (332068): No clocks defined in design.
Info: Found TIMEQUEST_REPORT_SCRIPT_INCLUDE_DEFAULT_ANALYSIS = ON
Info (332159): No clocks to report
Info: Analyzing Slow Model
Info (332140): No fmax paths to report
Info (332140): No Setup paths to report
Info (332140): No Hold paths to report
Info (332140): No Recovery paths to report
Info (332140): No Removal paths to report
Info (332140): No Minimum Pulse Width paths to report
Info (332001): The selected device family is not supported by the report_metastability command.
Info: Analyzing Fast Model
Info (332142): No user constrained base clocks found in the design. Calling "derive_clocks -period 1.0"
Info (332096): The command derive_clocks did not find any clocks to derive.  No clocks were created or changed.
Warning (332068): No clocks defined in design.
Info (332140): No Setup paths to report
Info (332140): No Hold paths to report
Info (332140): No Recovery paths to report
Info (332140): No Removal paths to report
Info (332140): No Minimum Pulse Width paths to report
Info (332001): The selected device family is not supported by the report_metastability command.
Info (332102): Design is not fully constrained for setup requirements
Info (332102): Design is not fully constrained for hold requirements
Info: Quartus II 64-Bit TimeQuest Timing Analyzer was successful. 0 errors, 3 warnings
    Info: Peak virtual memory: 4582 megabytes
    Info: Processing ended: Thu Oct 03 19:04:59 2019
    Info: Elapsed time: 00:00:01
    Info: Total CPU time (on all processors): 00:00:01


